Archive member included to satisfy reference by file (symbol)

c:/program files (x86)/atmel/studio/7.0/toolchain/avr8/avr8-gnu-toolchain/bin/../lib/gcc/avr/5.4.0/avrxmega4\libgcc.a(_udivmodsi4.o)
                              main.o (__udivmodsi4)
c:/program files (x86)/atmel/studio/7.0/toolchain/avr8/avr8-gnu-toolchain/bin/../lib/gcc/avr/5.4.0/avrxmega4\libgcc.a(_divmodsi4.o)
                              main.o (__divmodsi4)
c:/program files (x86)/atmel/studio/7.0/toolchain/avr8/avr8-gnu-toolchain/bin/../lib/gcc/avr/5.4.0/avrxmega4\libgcc.a(_negsi2.o)
                              c:/program files (x86)/atmel/studio/7.0/toolchain/avr8/avr8-gnu-toolchain/bin/../lib/gcc/avr/5.4.0/avrxmega4\libgcc.a(_divmodsi4.o) (__negsi2)
c:/program files (x86)/atmel/studio/7.0/toolchain/avr8/avr8-gnu-toolchain/bin/../lib/gcc/avr/5.4.0/avrxmega4\libgcc.a(_exit.o)
                              C:/Program Files (x86)/Atmel/Studio/7.0/Packs/atmel/XMEGAA_DFP/1.1.68/gcc/dev/atxmega64a4u/avrxmega4/crtatxmega64a4u.o (exit)
c:/program files (x86)/atmel/studio/7.0/toolchain/avr8/avr8-gnu-toolchain/bin/../lib/gcc/avr/5.4.0/avrxmega4\libgcc.a(_tablejump2.o)
                              lcd.o (__tablejump2__)
c:/program files (x86)/atmel/studio/7.0/toolchain/avr8/avr8-gnu-toolchain/bin/../lib/gcc/avr/5.4.0/avrxmega4\libgcc.a(_copy_data.o)
                              lcd.o (__do_copy_data)
c:/program files (x86)/atmel/studio/7.0/toolchain/avr8/avr8-gnu-toolchain/bin/../lib/gcc/avr/5.4.0/avrxmega4\libgcc.a(_clear_bss.o)
                              lcd.o (__do_clear_bss)
c:/program files (x86)/atmel/studio/7.0/toolchain/avr8/avr8-gnu-toolchain/bin/../lib/gcc/avr/5.4.0/avrxmega4\libgcc.a(_umulhisi3.o)
                              main.o (__umulhisi3)
c:/program files (x86)/atmel/studio/7.0/toolchain/avr8/avr8-gnu-toolchain/bin/../lib/gcc/avr/5.4.0/avrxmega4\libgcc.a(_usmulhisi3.o)
                              main.o (__usmulhisi3)
c:/program files (x86)/atmel/studio/7.0/toolchain/avr8/avr8-gnu-toolchain/bin/../lib/gcc/avr/5.4.0/avrxmega4\libgcc.a(_muluhisi3.o)
                              main.o (__muluhisi3)
c:/program files (x86)/atmel/studio/7.0/toolchain/avr8/avr8-gnu-toolchain/bin/../lib/gcc/avr/5.4.0/../../../../avr/lib/avrxmega4\libc.a(memcpy.o)
                              main.o (memcpy)
c:/program files (x86)/atmel/studio/7.0/toolchain/avr8/avr8-gnu-toolchain/bin/../lib/gcc/avr/5.4.0/../../../../avr/lib/avrxmega4\libc.a(strcat.o)
                              main.o (strcat)
c:/program files (x86)/atmel/studio/7.0/toolchain/avr8/avr8-gnu-toolchain/bin/../lib/gcc/avr/5.4.0/../../../../avr/lib/avrxmega4\libc.a(strcpy.o)
                              main.o (strcpy)
c:/program files (x86)/atmel/studio/7.0/toolchain/avr8/avr8-gnu-toolchain/bin/../lib/gcc/avr/5.4.0/../../../../avr/lib/avrxmega4\libc.a(ultoa_ncheck.o)
                              main.o (__ultoa_ncheck)
c:/program files (x86)/atmel/studio/7.0/toolchain/avr8/avr8-gnu-toolchain/bin/../lib/gcc/avr/5.4.0/../../../../avr/lib/avrxmega4\libc.a(utoa_ncheck.o)
                              main.o (__utoa_ncheck)
c:/program files (x86)/atmel/studio/7.0/toolchain/avr8/avr8-gnu-toolchain/bin/../lib/gcc/avr/5.4.0/../../../../avr/lib/avrxmega4\libc.a(strrev.o)
                              c:/program files (x86)/atmel/studio/7.0/toolchain/avr8/avr8-gnu-toolchain/bin/../lib/gcc/avr/5.4.0/../../../../avr/lib/avrxmega4\libc.a(ultoa_ncheck.o) (strrev)
C:/Program Files (x86)/Atmel/Studio/7.0/Packs/atmel/XMEGAA_DFP/1.1.68/gcc/dev/atxmega64a4u/avrxmega4\libatxmega64a4u.a(eerd_byte.o)
                              main.o (eeprom_read_byte)

Allocating common symbols
Common symbol       size              file

ep_in_buf           0x80              usb_cdc.o
ep0_buf_in          0x40              usb_ep.o
USB_DeviceState     0x1               usb_xm.o
USB_Device_ConfigurationNumber
                    0x1               usb_xm.o
ep_out_buf          0x80              usb_cdc.o
cdc_rxb             0x43              usb_cdc.o
ep0_buf_out         0x40              usb_ep.o
ep_note_buf         0x80              usb_cdc.o
cdc_txb             0x43              usb_cdc.o

Discarded input sections

 .data          0x00000000        0x0 C:/Program Files (x86)/Atmel/Studio/7.0/Packs/atmel/XMEGAA_DFP/1.1.68/gcc/dev/atxmega64a4u/avrxmega4/crtatxmega64a4u.o
 .bss           0x00000000        0x0 C:/Program Files (x86)/Atmel/Studio/7.0/Packs/atmel/XMEGAA_DFP/1.1.68/gcc/dev/atxmega64a4u/avrxmega4/crtatxmega64a4u.o
 .text          0x00000000        0x0 CRC.o
 .data          0x00000000        0x0 CRC.o
 .bss           0x00000000        0x0 CRC.o
 .text          0x00000000        0x0 Descriptors.o
 .data          0x00000000        0x0 Descriptors.o
 .bss           0x00000000        0x0 Descriptors.o
 .text          0x00000000        0x0 FRAM.o
 .data          0x00000000        0x0 FRAM.o
 .bss           0x00000000        0x0 FRAM.o
 .text          0x00000000        0x0 lcd.o
 .data          0x00000000        0x0 lcd.o
 .bss           0x00000000        0x0 lcd.o
 .text          0x00000000        0x0 main.o
 .data          0x00000000        0x0 main.o
 .bss           0x00000000        0x0 main.o
 .text._Z13get_key_stateh
                0x00000000        0x8 main.o
 .text._Z10Clock_Initv
                0x00000000       0x5e main.o
 .text._Z12encode_read1v
                0x00000000        0xe main.o
 .text._Z20LeseKalibrationsbytei
                0x00000000       0x12 main.o
 .text._Z8ADCA_Calv
                0x00000000        0x2 main.o
 .text._Z16init_profile_modv
                0x00000000       0xa2 main.o
 .text          0x00000000        0x0 mem-check.o
 .data          0x00000000        0x0 mem-check.o
 .bss           0x00000000        0x0 mem-check.o
 .text          0x00000000        0x0 menu.o
 .data          0x00000000        0x0 menu.o
 .bss           0x00000000        0x0 menu.o
 .debug_line    0x00000000        0x0 menu.o
 .debug_str     0x00000000      0x154 menu.o
 .comment       0x00000000       0x31 menu.o
 .text          0x00000000        0x0 SPI.o
 .data          0x00000000        0x0 SPI.o
 .bss           0x00000000        0x0 SPI.o
 .text._Z15SPIC_Read_Writeh
                0x00000000       0x14 SPI.o
 .text          0x00000000        0x0 twi.o
 .data          0x00000000        0x0 twi.o
 .bss           0x00000000        0x0 twi.o
 .text          0x00000000        0x0 usb_cdc.o
 .data          0x00000000        0x0 usb_cdc.o
 .bss           0x00000000        0x0 usb_cdc.o
 .text          0x00000000        0x0 usb_ep.o
 .bss           0x00000000        0x0 usb_ep.o
 .text          0x00000000        0x0 usb_xm.o
 .data          0x00000000        0x0 usb_xm.o
 .bss           0x00000000        0x0 usb_xm.o
 .text.USB_handleSetAddress
                0x00000000       0x46 usb_xm.o
 .text.USB_Device_GetSerialString
                0x00000000       0x4a usb_xm.o
 .text.USB_Device_GetInternalSerialDescriptor
                0x00000000       0x78 usb_xm.o
 .text.USB_handleSetConfiguration
                0x00000000       0xaa usb_xm.o
 .text.USB_handleGetDescriptor
                0x00000000       0xd2 usb_xm.o
 .text          0x00000000        0x0 c:/program files (x86)/atmel/studio/7.0/toolchain/avr8/avr8-gnu-toolchain/bin/../lib/gcc/avr/5.4.0/avrxmega4\libgcc.a(_udivmodsi4.o)
 .data          0x00000000        0x0 c:/program files (x86)/atmel/studio/7.0/toolchain/avr8/avr8-gnu-toolchain/bin/../lib/gcc/avr/5.4.0/avrxmega4\libgcc.a(_udivmodsi4.o)
 .bss           0x00000000        0x0 c:/program files (x86)/atmel/studio/7.0/toolchain/avr8/avr8-gnu-toolchain/bin/../lib/gcc/avr/5.4.0/avrxmega4\libgcc.a(_udivmodsi4.o)
 .text.libgcc.mul
                0x00000000        0x0 c:/program files (x86)/atmel/studio/7.0/toolchain/avr8/avr8-gnu-toolchain/bin/../lib/gcc/avr/5.4.0/avrxmega4\libgcc.a(_udivmodsi4.o)
 .text.libgcc   0x00000000        0x0 c:/program files (x86)/atmel/studio/7.0/toolchain/avr8/avr8-gnu-toolchain/bin/../lib/gcc/avr/5.4.0/avrxmega4\libgcc.a(_udivmodsi4.o)
 .text.libgcc.prologue
                0x00000000        0x0 c:/program files (x86)/atmel/studio/7.0/toolchain/avr8/avr8-gnu-toolchain/bin/../lib/gcc/avr/5.4.0/avrxmega4\libgcc.a(_udivmodsi4.o)
 .text.libgcc.builtins
                0x00000000        0x0 c:/program files (x86)/atmel/studio/7.0/toolchain/avr8/avr8-gnu-toolchain/bin/../lib/gcc/avr/5.4.0/avrxmega4\libgcc.a(_udivmodsi4.o)
 .text.libgcc.fmul
                0x00000000        0x0 c:/program files (x86)/atmel/studio/7.0/toolchain/avr8/avr8-gnu-toolchain/bin/../lib/gcc/avr/5.4.0/avrxmega4\libgcc.a(_udivmodsi4.o)
 .text.libgcc.fixed
                0x00000000        0x0 c:/program files (x86)/atmel/studio/7.0/toolchain/avr8/avr8-gnu-toolchain/bin/../lib/gcc/avr/5.4.0/avrxmega4\libgcc.a(_udivmodsi4.o)
 .text          0x00000000        0x0 c:/program files (x86)/atmel/studio/7.0/toolchain/avr8/avr8-gnu-toolchain/bin/../lib/gcc/avr/5.4.0/avrxmega4\libgcc.a(_divmodsi4.o)
 .data          0x00000000        0x0 c:/program files (x86)/atmel/studio/7.0/toolchain/avr8/avr8-gnu-toolchain/bin/../lib/gcc/avr/5.4.0/avrxmega4\libgcc.a(_divmodsi4.o)
 .bss           0x00000000        0x0 c:/program files (x86)/atmel/studio/7.0/toolchain/avr8/avr8-gnu-toolchain/bin/../lib/gcc/avr/5.4.0/avrxmega4\libgcc.a(_divmodsi4.o)
 .text.libgcc.mul
                0x00000000        0x0 c:/program files (x86)/atmel/studio/7.0/toolchain/avr8/avr8-gnu-toolchain/bin/../lib/gcc/avr/5.4.0/avrxmega4\libgcc.a(_divmodsi4.o)
 .text.libgcc   0x00000000        0x0 c:/program files (x86)/atmel/studio/7.0/toolchain/avr8/avr8-gnu-toolchain/bin/../lib/gcc/avr/5.4.0/avrxmega4\libgcc.a(_divmodsi4.o)
 .text.libgcc.prologue
                0x00000000        0x0 c:/program files (x86)/atmel/studio/7.0/toolchain/avr8/avr8-gnu-toolchain/bin/../lib/gcc/avr/5.4.0/avrxmega4\libgcc.a(_divmodsi4.o)
 .text.libgcc.builtins
                0x00000000        0x0 c:/program files (x86)/atmel/studio/7.0/toolchain/avr8/avr8-gnu-toolchain/bin/../lib/gcc/avr/5.4.0/avrxmega4\libgcc.a(_divmodsi4.o)
 .text.libgcc.fmul
                0x00000000        0x0 c:/program files (x86)/atmel/studio/7.0/toolchain/avr8/avr8-gnu-toolchain/bin/../lib/gcc/avr/5.4.0/avrxmega4\libgcc.a(_divmodsi4.o)
 .text.libgcc.fixed
                0x00000000        0x0 c:/program files (x86)/atmel/studio/7.0/toolchain/avr8/avr8-gnu-toolchain/bin/../lib/gcc/avr/5.4.0/avrxmega4\libgcc.a(_divmodsi4.o)
 .text          0x00000000        0x0 c:/program files (x86)/atmel/studio/7.0/toolchain/avr8/avr8-gnu-toolchain/bin/../lib/gcc/avr/5.4.0/avrxmega4\libgcc.a(_negsi2.o)
 .data          0x00000000        0x0 c:/program files (x86)/atmel/studio/7.0/toolchain/avr8/avr8-gnu-toolchain/bin/../lib/gcc/avr/5.4.0/avrxmega4\libgcc.a(_negsi2.o)
 .bss           0x00000000        0x0 c:/program files (x86)/atmel/studio/7.0/toolchain/avr8/avr8-gnu-toolchain/bin/../lib/gcc/avr/5.4.0/avrxmega4\libgcc.a(_negsi2.o)
 .text.libgcc.mul
                0x00000000        0x0 c:/program files (x86)/atmel/studio/7.0/toolchain/avr8/avr8-gnu-toolchain/bin/../lib/gcc/avr/5.4.0/avrxmega4\libgcc.a(_negsi2.o)
 .text.libgcc   0x00000000        0x0 c:/program files (x86)/atmel/studio/7.0/toolchain/avr8/avr8-gnu-toolchain/bin/../lib/gcc/avr/5.4.0/avrxmega4\libgcc.a(_negsi2.o)
 .text.libgcc.prologue
                0x00000000        0x0 c:/program files (x86)/atmel/studio/7.0/toolchain/avr8/avr8-gnu-toolchain/bin/../lib/gcc/avr/5.4.0/avrxmega4\libgcc.a(_negsi2.o)
 .text.libgcc.builtins
                0x00000000        0x0 c:/program files (x86)/atmel/studio/7.0/toolchain/avr8/avr8-gnu-toolchain/bin/../lib/gcc/avr/5.4.0/avrxmega4\libgcc.a(_negsi2.o)
 .text.libgcc.fmul
                0x00000000        0x0 c:/program files (x86)/atmel/studio/7.0/toolchain/avr8/avr8-gnu-toolchain/bin/../lib/gcc/avr/5.4.0/avrxmega4\libgcc.a(_negsi2.o)
 .text.libgcc.fixed
                0x00000000        0x0 c:/program files (x86)/atmel/studio/7.0/toolchain/avr8/avr8-gnu-toolchain/bin/../lib/gcc/avr/5.4.0/avrxmega4\libgcc.a(_negsi2.o)
 .text          0x00000000        0x0 c:/program files (x86)/atmel/studio/7.0/toolchain/avr8/avr8-gnu-toolchain/bin/../lib/gcc/avr/5.4.0/avrxmega4\libgcc.a(_exit.o)
 .data          0x00000000        0x0 c:/program files (x86)/atmel/studio/7.0/toolchain/avr8/avr8-gnu-toolchain/bin/../lib/gcc/avr/5.4.0/avrxmega4\libgcc.a(_exit.o)
 .bss           0x00000000        0x0 c:/program files (x86)/atmel/studio/7.0/toolchain/avr8/avr8-gnu-toolchain/bin/../lib/gcc/avr/5.4.0/avrxmega4\libgcc.a(_exit.o)
 .text.libgcc.mul
                0x00000000        0x0 c:/program files (x86)/atmel/studio/7.0/toolchain/avr8/avr8-gnu-toolchain/bin/../lib/gcc/avr/5.4.0/avrxmega4\libgcc.a(_exit.o)
 .text.libgcc.div
                0x00000000        0x0 c:/program files (x86)/atmel/studio/7.0/toolchain/avr8/avr8-gnu-toolchain/bin/../lib/gcc/avr/5.4.0/avrxmega4\libgcc.a(_exit.o)
 .text.libgcc   0x00000000        0x0 c:/program files (x86)/atmel/studio/7.0/toolchain/avr8/avr8-gnu-toolchain/bin/../lib/gcc/avr/5.4.0/avrxmega4\libgcc.a(_exit.o)
 .text.libgcc.prologue
                0x00000000        0x0 c:/program files (x86)/atmel/studio/7.0/toolchain/avr8/avr8-gnu-toolchain/bin/../lib/gcc/avr/5.4.0/avrxmega4\libgcc.a(_exit.o)
 .text.libgcc.builtins
                0x00000000        0x0 c:/program files (x86)/atmel/studio/7.0/toolchain/avr8/avr8-gnu-toolchain/bin/../lib/gcc/avr/5.4.0/avrxmega4\libgcc.a(_exit.o)
 .text.libgcc.fmul
                0x00000000        0x0 c:/program files (x86)/atmel/studio/7.0/toolchain/avr8/avr8-gnu-toolchain/bin/../lib/gcc/avr/5.4.0/avrxmega4\libgcc.a(_exit.o)
 .text.libgcc.fixed
                0x00000000        0x0 c:/program files (x86)/atmel/studio/7.0/toolchain/avr8/avr8-gnu-toolchain/bin/../lib/gcc/avr/5.4.0/avrxmega4\libgcc.a(_exit.o)
 .text          0x00000000        0x0 c:/program files (x86)/atmel/studio/7.0/toolchain/avr8/avr8-gnu-toolchain/bin/../lib/gcc/avr/5.4.0/avrxmega4\libgcc.a(_tablejump2.o)
 .data          0x00000000        0x0 c:/program files (x86)/atmel/studio/7.0/toolchain/avr8/avr8-gnu-toolchain/bin/../lib/gcc/avr/5.4.0/avrxmega4\libgcc.a(_tablejump2.o)
 .bss           0x00000000        0x0 c:/program files (x86)/atmel/studio/7.0/toolchain/avr8/avr8-gnu-toolchain/bin/../lib/gcc/avr/5.4.0/avrxmega4\libgcc.a(_tablejump2.o)
 .text.libgcc.mul
                0x00000000        0x0 c:/program files (x86)/atmel/studio/7.0/toolchain/avr8/avr8-gnu-toolchain/bin/../lib/gcc/avr/5.4.0/avrxmega4\libgcc.a(_tablejump2.o)
 .text.libgcc.div
                0x00000000        0x0 c:/program files (x86)/atmel/studio/7.0/toolchain/avr8/avr8-gnu-toolchain/bin/../lib/gcc/avr/5.4.0/avrxmega4\libgcc.a(_tablejump2.o)
 .text.libgcc.prologue
                0x00000000        0x0 c:/program files (x86)/atmel/studio/7.0/toolchain/avr8/avr8-gnu-toolchain/bin/../lib/gcc/avr/5.4.0/avrxmega4\libgcc.a(_tablejump2.o)
 .text.libgcc.builtins
                0x00000000        0x0 c:/program files (x86)/atmel/studio/7.0/toolchain/avr8/avr8-gnu-toolchain/bin/../lib/gcc/avr/5.4.0/avrxmega4\libgcc.a(_tablejump2.o)
 .text.libgcc.fmul
                0x00000000        0x0 c:/program files (x86)/atmel/studio/7.0/toolchain/avr8/avr8-gnu-toolchain/bin/../lib/gcc/avr/5.4.0/avrxmega4\libgcc.a(_tablejump2.o)
 .text.libgcc.fixed
                0x00000000        0x0 c:/program files (x86)/atmel/studio/7.0/toolchain/avr8/avr8-gnu-toolchain/bin/../lib/gcc/avr/5.4.0/avrxmega4\libgcc.a(_tablejump2.o)
 .text          0x00000000        0x0 c:/program files (x86)/atmel/studio/7.0/toolchain/avr8/avr8-gnu-toolchain/bin/../lib/gcc/avr/5.4.0/avrxmega4\libgcc.a(_copy_data.o)
 .data          0x00000000        0x0 c:/program files (x86)/atmel/studio/7.0/toolchain/avr8/avr8-gnu-toolchain/bin/../lib/gcc/avr/5.4.0/avrxmega4\libgcc.a(_copy_data.o)
 .bss           0x00000000        0x0 c:/program files (x86)/atmel/studio/7.0/toolchain/avr8/avr8-gnu-toolchain/bin/../lib/gcc/avr/5.4.0/avrxmega4\libgcc.a(_copy_data.o)
 .text.libgcc.mul
                0x00000000        0x0 c:/program files (x86)/atmel/studio/7.0/toolchain/avr8/avr8-gnu-toolchain/bin/../lib/gcc/avr/5.4.0/avrxmega4\libgcc.a(_copy_data.o)
 .text.libgcc.div
                0x00000000        0x0 c:/program files (x86)/atmel/studio/7.0/toolchain/avr8/avr8-gnu-toolchain/bin/../lib/gcc/avr/5.4.0/avrxmega4\libgcc.a(_copy_data.o)
 .text.libgcc   0x00000000        0x0 c:/program files (x86)/atmel/studio/7.0/toolchain/avr8/avr8-gnu-toolchain/bin/../lib/gcc/avr/5.4.0/avrxmega4\libgcc.a(_copy_data.o)
 .text.libgcc.prologue
                0x00000000        0x0 c:/program files (x86)/atmel/studio/7.0/toolchain/avr8/avr8-gnu-toolchain/bin/../lib/gcc/avr/5.4.0/avrxmega4\libgcc.a(_copy_data.o)
 .text.libgcc.builtins
                0x00000000        0x0 c:/program files (x86)/atmel/studio/7.0/toolchain/avr8/avr8-gnu-toolchain/bin/../lib/gcc/avr/5.4.0/avrxmega4\libgcc.a(_copy_data.o)
 .text.libgcc.fmul
                0x00000000        0x0 c:/program files (x86)/atmel/studio/7.0/toolchain/avr8/avr8-gnu-toolchain/bin/../lib/gcc/avr/5.4.0/avrxmega4\libgcc.a(_copy_data.o)
 .text.libgcc.fixed
                0x00000000        0x0 c:/program files (x86)/atmel/studio/7.0/toolchain/avr8/avr8-gnu-toolchain/bin/../lib/gcc/avr/5.4.0/avrxmega4\libgcc.a(_copy_data.o)
 .text          0x00000000        0x0 c:/program files (x86)/atmel/studio/7.0/toolchain/avr8/avr8-gnu-toolchain/bin/../lib/gcc/avr/5.4.0/avrxmega4\libgcc.a(_clear_bss.o)
 .data          0x00000000        0x0 c:/program files (x86)/atmel/studio/7.0/toolchain/avr8/avr8-gnu-toolchain/bin/../lib/gcc/avr/5.4.0/avrxmega4\libgcc.a(_clear_bss.o)
 .bss           0x00000000        0x0 c:/program files (x86)/atmel/studio/7.0/toolchain/avr8/avr8-gnu-toolchain/bin/../lib/gcc/avr/5.4.0/avrxmega4\libgcc.a(_clear_bss.o)
 .text.libgcc.mul
                0x00000000        0x0 c:/program files (x86)/atmel/studio/7.0/toolchain/avr8/avr8-gnu-toolchain/bin/../lib/gcc/avr/5.4.0/avrxmega4\libgcc.a(_clear_bss.o)
 .text.libgcc.div
                0x00000000        0x0 c:/program files (x86)/atmel/studio/7.0/toolchain/avr8/avr8-gnu-toolchain/bin/../lib/gcc/avr/5.4.0/avrxmega4\libgcc.a(_clear_bss.o)
 .text.libgcc   0x00000000        0x0 c:/program files (x86)/atmel/studio/7.0/toolchain/avr8/avr8-gnu-toolchain/bin/../lib/gcc/avr/5.4.0/avrxmega4\libgcc.a(_clear_bss.o)
 .text.libgcc.prologue
                0x00000000        0x0 c:/program files (x86)/atmel/studio/7.0/toolchain/avr8/avr8-gnu-toolchain/bin/../lib/gcc/avr/5.4.0/avrxmega4\libgcc.a(_clear_bss.o)
 .text.libgcc.builtins
                0x00000000        0x0 c:/program files (x86)/atmel/studio/7.0/toolchain/avr8/avr8-gnu-toolchain/bin/../lib/gcc/avr/5.4.0/avrxmega4\libgcc.a(_clear_bss.o)
 .text.libgcc.fmul
                0x00000000        0x0 c:/program files (x86)/atmel/studio/7.0/toolchain/avr8/avr8-gnu-toolchain/bin/../lib/gcc/avr/5.4.0/avrxmega4\libgcc.a(_clear_bss.o)
 .text.libgcc.fixed
                0x00000000        0x0 c:/program files (x86)/atmel/studio/7.0/toolchain/avr8/avr8-gnu-toolchain/bin/../lib/gcc/avr/5.4.0/avrxmega4\libgcc.a(_clear_bss.o)
 .text          0x00000000        0x0 c:/program files (x86)/atmel/studio/7.0/toolchain/avr8/avr8-gnu-toolchain/bin/../lib/gcc/avr/5.4.0/avrxmega4\libgcc.a(_umulhisi3.o)
 .data          0x00000000        0x0 c:/program files (x86)/atmel/studio/7.0/toolchain/avr8/avr8-gnu-toolchain/bin/../lib/gcc/avr/5.4.0/avrxmega4\libgcc.a(_umulhisi3.o)
 .bss           0x00000000        0x0 c:/program files (x86)/atmel/studio/7.0/toolchain/avr8/avr8-gnu-toolchain/bin/../lib/gcc/avr/5.4.0/avrxmega4\libgcc.a(_umulhisi3.o)
 .text.libgcc.div
                0x00000000        0x0 c:/program files (x86)/atmel/studio/7.0/toolchain/avr8/avr8-gnu-toolchain/bin/../lib/gcc/avr/5.4.0/avrxmega4\libgcc.a(_umulhisi3.o)
 .text.libgcc   0x00000000        0x0 c:/program files (x86)/atmel/studio/7.0/toolchain/avr8/avr8-gnu-toolchain/bin/../lib/gcc/avr/5.4.0/avrxmega4\libgcc.a(_umulhisi3.o)
 .text.libgcc.prologue
                0x00000000        0x0 c:/program files (x86)/atmel/studio/7.0/toolchain/avr8/avr8-gnu-toolchain/bin/../lib/gcc/avr/5.4.0/avrxmega4\libgcc.a(_umulhisi3.o)
 .text.libgcc.builtins
                0x00000000        0x0 c:/program files (x86)/atmel/studio/7.0/toolchain/avr8/avr8-gnu-toolchain/bin/../lib/gcc/avr/5.4.0/avrxmega4\libgcc.a(_umulhisi3.o)
 .text.libgcc.fmul
                0x00000000        0x0 c:/program files (x86)/atmel/studio/7.0/toolchain/avr8/avr8-gnu-toolchain/bin/../lib/gcc/avr/5.4.0/avrxmega4\libgcc.a(_umulhisi3.o)
 .text.libgcc.fixed
                0x00000000        0x0 c:/program files (x86)/atmel/studio/7.0/toolchain/avr8/avr8-gnu-toolchain/bin/../lib/gcc/avr/5.4.0/avrxmega4\libgcc.a(_umulhisi3.o)
 .text          0x00000000        0x0 c:/program files (x86)/atmel/studio/7.0/toolchain/avr8/avr8-gnu-toolchain/bin/../lib/gcc/avr/5.4.0/avrxmega4\libgcc.a(_usmulhisi3.o)
 .data          0x00000000        0x0 c:/program files (x86)/atmel/studio/7.0/toolchain/avr8/avr8-gnu-toolchain/bin/../lib/gcc/avr/5.4.0/avrxmega4\libgcc.a(_usmulhisi3.o)
 .bss           0x00000000        0x0 c:/program files (x86)/atmel/studio/7.0/toolchain/avr8/avr8-gnu-toolchain/bin/../lib/gcc/avr/5.4.0/avrxmega4\libgcc.a(_usmulhisi3.o)
 .text.libgcc.div
                0x00000000        0x0 c:/program files (x86)/atmel/studio/7.0/toolchain/avr8/avr8-gnu-toolchain/bin/../lib/gcc/avr/5.4.0/avrxmega4\libgcc.a(_usmulhisi3.o)
 .text.libgcc   0x00000000        0x0 c:/program files (x86)/atmel/studio/7.0/toolchain/avr8/avr8-gnu-toolchain/bin/../lib/gcc/avr/5.4.0/avrxmega4\libgcc.a(_usmulhisi3.o)
 .text.libgcc.prologue
                0x00000000        0x0 c:/program files (x86)/atmel/studio/7.0/toolchain/avr8/avr8-gnu-toolchain/bin/../lib/gcc/avr/5.4.0/avrxmega4\libgcc.a(_usmulhisi3.o)
 .text.libgcc.builtins
                0x00000000        0x0 c:/program files (x86)/atmel/studio/7.0/toolchain/avr8/avr8-gnu-toolchain/bin/../lib/gcc/avr/5.4.0/avrxmega4\libgcc.a(_usmulhisi3.o)
 .text.libgcc.fmul
                0x00000000        0x0 c:/program files (x86)/atmel/studio/7.0/toolchain/avr8/avr8-gnu-toolchain/bin/../lib/gcc/avr/5.4.0/avrxmega4\libgcc.a(_usmulhisi3.o)
 .text.libgcc.fixed
                0x00000000        0x0 c:/program files (x86)/atmel/studio/7.0/toolchain/avr8/avr8-gnu-toolchain/bin/../lib/gcc/avr/5.4.0/avrxmega4\libgcc.a(_usmulhisi3.o)
 .text          0x00000000        0x0 c:/program files (x86)/atmel/studio/7.0/toolchain/avr8/avr8-gnu-toolchain/bin/../lib/gcc/avr/5.4.0/avrxmega4\libgcc.a(_muluhisi3.o)
 .data          0x00000000        0x0 c:/program files (x86)/atmel/studio/7.0/toolchain/avr8/avr8-gnu-toolchain/bin/../lib/gcc/avr/5.4.0/avrxmega4\libgcc.a(_muluhisi3.o)
 .bss           0x00000000        0x0 c:/program files (x86)/atmel/studio/7.0/toolchain/avr8/avr8-gnu-toolchain/bin/../lib/gcc/avr/5.4.0/avrxmega4\libgcc.a(_muluhisi3.o)
 .text.libgcc.div
                0x00000000        0x0 c:/program files (x86)/atmel/studio/7.0/toolchain/avr8/avr8-gnu-toolchain/bin/../lib/gcc/avr/5.4.0/avrxmega4\libgcc.a(_muluhisi3.o)
 .text.libgcc   0x00000000        0x0 c:/program files (x86)/atmel/studio/7.0/toolchain/avr8/avr8-gnu-toolchain/bin/../lib/gcc/avr/5.4.0/avrxmega4\libgcc.a(_muluhisi3.o)
 .text.libgcc.prologue
                0x00000000        0x0 c:/program files (x86)/atmel/studio/7.0/toolchain/avr8/avr8-gnu-toolchain/bin/../lib/gcc/avr/5.4.0/avrxmega4\libgcc.a(_muluhisi3.o)
 .text.libgcc.builtins
                0x00000000        0x0 c:/program files (x86)/atmel/studio/7.0/toolchain/avr8/avr8-gnu-toolchain/bin/../lib/gcc/avr/5.4.0/avrxmega4\libgcc.a(_muluhisi3.o)
 .text.libgcc.fmul
                0x00000000        0x0 c:/program files (x86)/atmel/studio/7.0/toolchain/avr8/avr8-gnu-toolchain/bin/../lib/gcc/avr/5.4.0/avrxmega4\libgcc.a(_muluhisi3.o)
 .text.libgcc.fixed
                0x00000000        0x0 c:/program files (x86)/atmel/studio/7.0/toolchain/avr8/avr8-gnu-toolchain/bin/../lib/gcc/avr/5.4.0/avrxmega4\libgcc.a(_muluhisi3.o)
 .text          0x00000000        0x0 c:/program files (x86)/atmel/studio/7.0/toolchain/avr8/avr8-gnu-toolchain/bin/../lib/gcc/avr/5.4.0/../../../../avr/lib/avrxmega4\libc.a(memcpy.o)
 .data          0x00000000        0x0 c:/program files (x86)/atmel/studio/7.0/toolchain/avr8/avr8-gnu-toolchain/bin/../lib/gcc/avr/5.4.0/../../../../avr/lib/avrxmega4\libc.a(memcpy.o)
 .bss           0x00000000        0x0 c:/program files (x86)/atmel/studio/7.0/toolchain/avr8/avr8-gnu-toolchain/bin/../lib/gcc/avr/5.4.0/../../../../avr/lib/avrxmega4\libc.a(memcpy.o)
 .text          0x00000000        0x0 c:/program files (x86)/atmel/studio/7.0/toolchain/avr8/avr8-gnu-toolchain/bin/../lib/gcc/avr/5.4.0/../../../../avr/lib/avrxmega4\libc.a(strcat.o)
 .data          0x00000000        0x0 c:/program files (x86)/atmel/studio/7.0/toolchain/avr8/avr8-gnu-toolchain/bin/../lib/gcc/avr/5.4.0/../../../../avr/lib/avrxmega4\libc.a(strcat.o)
 .bss           0x00000000        0x0 c:/program files (x86)/atmel/studio/7.0/toolchain/avr8/avr8-gnu-toolchain/bin/../lib/gcc/avr/5.4.0/../../../../avr/lib/avrxmega4\libc.a(strcat.o)
 .text          0x00000000        0x0 c:/program files (x86)/atmel/studio/7.0/toolchain/avr8/avr8-gnu-toolchain/bin/../lib/gcc/avr/5.4.0/../../../../avr/lib/avrxmega4\libc.a(strcpy.o)
 .data          0x00000000        0x0 c:/program files (x86)/atmel/studio/7.0/toolchain/avr8/avr8-gnu-toolchain/bin/../lib/gcc/avr/5.4.0/../../../../avr/lib/avrxmega4\libc.a(strcpy.o)
 .bss           0x00000000        0x0 c:/program files (x86)/atmel/studio/7.0/toolchain/avr8/avr8-gnu-toolchain/bin/../lib/gcc/avr/5.4.0/../../../../avr/lib/avrxmega4\libc.a(strcpy.o)
 .text          0x00000000        0x0 c:/program files (x86)/atmel/studio/7.0/toolchain/avr8/avr8-gnu-toolchain/bin/../lib/gcc/avr/5.4.0/../../../../avr/lib/avrxmega4\libc.a(ultoa_ncheck.o)
 .data          0x00000000        0x0 c:/program files (x86)/atmel/studio/7.0/toolchain/avr8/avr8-gnu-toolchain/bin/../lib/gcc/avr/5.4.0/../../../../avr/lib/avrxmega4\libc.a(ultoa_ncheck.o)
 .bss           0x00000000        0x0 c:/program files (x86)/atmel/studio/7.0/toolchain/avr8/avr8-gnu-toolchain/bin/../lib/gcc/avr/5.4.0/../../../../avr/lib/avrxmega4\libc.a(ultoa_ncheck.o)
 .text          0x00000000        0x0 c:/program files (x86)/atmel/studio/7.0/toolchain/avr8/avr8-gnu-toolchain/bin/../lib/gcc/avr/5.4.0/../../../../avr/lib/avrxmega4\libc.a(utoa_ncheck.o)
 .data          0x00000000        0x0 c:/program files (x86)/atmel/studio/7.0/toolchain/avr8/avr8-gnu-toolchain/bin/../lib/gcc/avr/5.4.0/../../../../avr/lib/avrxmega4\libc.a(utoa_ncheck.o)
 .bss           0x00000000        0x0 c:/program files (x86)/atmel/studio/7.0/toolchain/avr8/avr8-gnu-toolchain/bin/../lib/gcc/avr/5.4.0/../../../../avr/lib/avrxmega4\libc.a(utoa_ncheck.o)
 .text          0x00000000        0x0 c:/program files (x86)/atmel/studio/7.0/toolchain/avr8/avr8-gnu-toolchain/bin/../lib/gcc/avr/5.4.0/../../../../avr/lib/avrxmega4\libc.a(strrev.o)
 .data          0x00000000        0x0 c:/program files (x86)/atmel/studio/7.0/toolchain/avr8/avr8-gnu-toolchain/bin/../lib/gcc/avr/5.4.0/../../../../avr/lib/avrxmega4\libc.a(strrev.o)
 .bss           0x00000000        0x0 c:/program files (x86)/atmel/studio/7.0/toolchain/avr8/avr8-gnu-toolchain/bin/../lib/gcc/avr/5.4.0/../../../../avr/lib/avrxmega4\libc.a(strrev.o)
 .text          0x00000000        0x0 C:/Program Files (x86)/Atmel/Studio/7.0/Packs/atmel/XMEGAA_DFP/1.1.68/gcc/dev/atxmega64a4u/avrxmega4\libatxmega64a4u.a(eerd_byte.o)
 .data          0x00000000        0x0 C:/Program Files (x86)/Atmel/Studio/7.0/Packs/atmel/XMEGAA_DFP/1.1.68/gcc/dev/atxmega64a4u/avrxmega4\libatxmega64a4u.a(eerd_byte.o)
 .bss           0x00000000        0x0 C:/Program Files (x86)/Atmel/Studio/7.0/Packs/atmel/XMEGAA_DFP/1.1.68/gcc/dev/atxmega64a4u/avrxmega4\libatxmega64a4u.a(eerd_byte.o)

Memory Configuration

Name             Origin             Length             Attributes
text             0x00000000         0x00100000         xr
data             0x00802000         0x0000ffa0         rw !x
eeprom           0x00810000         0x00010000         rw !x
fuse             0x00820000         0x00000006         rw !x
lock             0x00830000         0x00000400         rw !x
signature        0x00840000         0x00000400         rw !x
user_signatures  0x00850000         0x00000400         rw !x
*default*        0x00000000         0xffffffff

Linker script and memory map

LOAD C:/Program Files (x86)/Atmel/Studio/7.0/Packs/atmel/XMEGAA_DFP/1.1.68/gcc/dev/atxmega64a4u/avrxmega4/crtatxmega64a4u.o
LOAD CRC.o
LOAD Descriptors.o
LOAD FRAM.o
LOAD lcd.o
LOAD main.o
LOAD mem-check.o
LOAD menu.o
LOAD SPI.o
LOAD twi.o
LOAD usb_cdc.o
LOAD usb_ep.o
LOAD usb_xm.o
START GROUP
LOAD c:/program files (x86)/atmel/studio/7.0/toolchain/avr8/avr8-gnu-toolchain/bin/../lib/gcc/avr/5.4.0/../../../../avr/lib/avrxmega4\libm.a
END GROUP
LOAD c:/program files (x86)/atmel/studio/7.0/toolchain/avr8/avr8-gnu-toolchain/bin/../lib/gcc/avr/5.4.0/avrxmega4\libgcc.a
LOAD c:/program files (x86)/atmel/studio/7.0/toolchain/avr8/avr8-gnu-toolchain/bin/../lib/gcc/avr/5.4.0/../../../../avr/lib/avrxmega4\libm.a
START GROUP
LOAD c:/program files (x86)/atmel/studio/7.0/toolchain/avr8/avr8-gnu-toolchain/bin/../lib/gcc/avr/5.4.0/avrxmega4\libgcc.a
LOAD c:/program files (x86)/atmel/studio/7.0/toolchain/avr8/avr8-gnu-toolchain/bin/../lib/gcc/avr/5.4.0/../../../../avr/lib/avrxmega4\libm.a
LOAD c:/program files (x86)/atmel/studio/7.0/toolchain/avr8/avr8-gnu-toolchain/bin/../lib/gcc/avr/5.4.0/../../../../avr/lib/avrxmega4\libc.a
LOAD C:/Program Files (x86)/Atmel/Studio/7.0/Packs/atmel/XMEGAA_DFP/1.1.68/gcc/dev/atxmega64a4u/avrxmega4\libatxmega64a4u.a
END GROUP
                0x00100000                __TEXT_REGION_LENGTH__ = DEFINED (__TEXT_REGION_LENGTH__)?__TEXT_REGION_LENGTH__:0x100000
                0x0000ffa0                __DATA_REGION_LENGTH__ = DEFINED (__DATA_REGION_LENGTH__)?__DATA_REGION_LENGTH__:0xffa0
                0x00010000                __EEPROM_REGION_LENGTH__ = DEFINED (__EEPROM_REGION_LENGTH__)?__EEPROM_REGION_LENGTH__:0x10000
                [0x00000006]                __FUSE_REGION_LENGTH__ = DEFINED (__FUSE_REGION_LENGTH__)?__FUSE_REGION_LENGTH__:0x400
                0x00000400                __LOCK_REGION_LENGTH__ = DEFINED (__LOCK_REGION_LENGTH__)?__LOCK_REGION_LENGTH__:0x400
                0x00000400                __SIGNATURE_REGION_LENGTH__ = DEFINED (__SIGNATURE_REGION_LENGTH__)?__SIGNATURE_REGION_LENGTH__:0x400
                0x00000400                __USER_SIGNATURE_REGION_LENGTH__ = DEFINED (__USER_SIGNATURE_REGION_LENGTH__)?__USER_SIGNATURE_REGION_LENGTH__:0x400

.hash
 *(.hash)

.dynsym
 *(.dynsym)

.dynstr
 *(.dynstr)

.gnu.version
 *(.gnu.version)

.gnu.version_d
 *(.gnu.version_d)

.gnu.version_r
 *(.gnu.version_r)

.rel.init
 *(.rel.init)

.rela.init
 *(.rela.init)

.rel.text
 *(.rel.text)
 *(.rel.text.*)
 *(.rel.gnu.linkonce.t*)

.rela.text
 *(.rela.text)
 *(.rela.text.*)
 *(.rela.gnu.linkonce.t*)

.rel.fini
 *(.rel.fini)

.rela.fini
 *(.rela.fini)

.rel.rodata
 *(.rel.rodata)
 *(.rel.rodata.*)
 *(.rel.gnu.linkonce.r*)

.rela.rodata
 *(.rela.rodata)
 *(.rela.rodata.*)
 *(.rela.gnu.linkonce.r*)

.rel.data
 *(.rel.data)
 *(.rel.data.*)
 *(.rel.gnu.linkonce.d*)

.rela.data
 *(.rela.data)
 *(.rela.data.*)
 *(.rela.gnu.linkonce.d*)

.rel.ctors
 *(.rel.ctors)

.rela.ctors
 *(.rela.ctors)

.rel.dtors
 *(.rel.dtors)

.rela.dtors
 *(.rela.dtors)

.rel.got
 *(.rel.got)

.rela.got
 *(.rela.got)

.rel.bss
 *(.rel.bss)

.rela.bss
 *(.rela.bss)

.rel.plt
 *(.rel.plt)

.rela.plt
 *(.rela.plt)

.text           0x00000000     0x86d0
 *(.vectors)
 .vectors       0x00000000      0x1fc C:/Program Files (x86)/Atmel/Studio/7.0/Packs/atmel/XMEGAA_DFP/1.1.68/gcc/dev/atxmega64a4u/avrxmega4/crtatxmega64a4u.o
                0x00000000                __vector_default
                0x00000000                __vectors
 *(.vectors)
 *(.progmem.gcc*)
 .progmem.gcc_sw_table._Z8lcd_putcc
                0x000001fc       0x72 lcd.o
 .progmem.gcc_sw_table._Z15lcd_putc_invertc
                0x0000026e       0x72 lcd.o
 .progmem.gcc_sw_table._Z11size_stringh
                0x000002e0       0x10 main.o
 .progmem.gcc_sw_table._Z20size_string_invertedh
                0x000002f0       0x10 main.o
 .progmem.gcc_sw_table._Z19change_profile_menuPhP13Speed_profilePcS_S_Pb
                0x00000300       0xe4 main.o
 .progmem.gcc_sw_table._Z12display_menuPhPcP13Speed_profileS_bPb
                0x000003e4       0xe4 main.o
 .progmem.gcc_sw_table.main
                0x000004c8       0x2c main.o
 .progmem.gcc_sw_table.USB_HandleSetup
                0x000004f4       0x18 usb_xm.o
                0x0000050c                . = ALIGN (0x2)
                0x0000050c                __trampolines_start = .
 *(.trampolines)
 .trampolines   0x0000050c        0x0 linker stubs
 *(.trampolines*)
                0x0000050c                __trampolines_end = .
 *libprintf_flt.a:*(.progmem.data)
 *libc.a:*(.progmem.data)
 *(.progmem*)
 .progmem.data.ProductString
                0x0000050c       0x20 Descriptors.o
                0x0000050c                ProductString
 .progmem.data.ManufacturerString
                0x0000052c       0x10 Descriptors.o
                0x0000052c                ManufacturerString
 .progmem.data.LanguageString
                0x0000053c        0x4 Descriptors.o
                0x0000053c                LanguageString
 .progmem.data.ConfigurationDescriptor
                0x00000540       0x3e Descriptors.o
                0x00000540                ConfigurationDescriptor
 .progmem.data.DeviceDescriptor
                0x0000057e       0x12 Descriptors.o
                0x0000057e                DeviceDescriptor
 .progmem.data._ZL19ssd1306oled_font6x8
                0x00000590      0x26a lcd.o
                0x000007fa                . = ALIGN (0x2)
 *(.jumptables)
 *(.jumptables*)
 *(.lowtext)
 *(.lowtext*)
                0x000007fa                __ctors_start = .
 *(.ctors)
                0x000007fa                __ctors_end = .
                0x000007fa                __dtors_start = .
 *(.dtors)
                0x000007fa                __dtors_end = .
 SORT(*)(.ctors)
 SORT(*)(.dtors)
 *(.init0)
 .init0         0x000007fa        0x0 C:/Program Files (x86)/Atmel/Studio/7.0/Packs/atmel/XMEGAA_DFP/1.1.68/gcc/dev/atxmega64a4u/avrxmega4/crtatxmega64a4u.o
                0x000007fa                __init
 *(.init0)
 *(.init1)
 *(.init1)
 *(.init2)
 .init2         0x000007fa        0xc C:/Program Files (x86)/Atmel/Studio/7.0/Packs/atmel/XMEGAA_DFP/1.1.68/gcc/dev/atxmega64a4u/avrxmega4/crtatxmega64a4u.o
 *(.init2)
 *(.init3)
 .init3         0x00000806       0x10 mem-check.o
 *(.init3)
 *(.init4)
 .init4         0x00000816       0x1a c:/program files (x86)/atmel/studio/7.0/toolchain/avr8/avr8-gnu-toolchain/bin/../lib/gcc/avr/5.4.0/avrxmega4\libgcc.a(_copy_data.o)
                0x00000816                __do_copy_data
 .init4         0x00000830       0x10 c:/program files (x86)/atmel/studio/7.0/toolchain/avr8/avr8-gnu-toolchain/bin/../lib/gcc/avr/5.4.0/avrxmega4\libgcc.a(_clear_bss.o)
                0x00000830                __do_clear_bss
 *(.init4)
 *(.init5)
 *(.init5)
 *(.init6)
 *(.init6)
 *(.init7)
 *(.init7)
 *(.init8)
 *(.init8)
 *(.init9)
 .init9         0x00000840        0x8 C:/Program Files (x86)/Atmel/Studio/7.0/Packs/atmel/XMEGAA_DFP/1.1.68/gcc/dev/atxmega64a4u/avrxmega4/crtatxmega64a4u.o
 *(.init9)
 *(.text)
 .text          0x00000848        0x4 C:/Program Files (x86)/Atmel/Studio/7.0/Packs/atmel/XMEGAA_DFP/1.1.68/gcc/dev/atxmega64a4u/avrxmega4/crtatxmega64a4u.o
                0x00000848                __vector_38
                0x00000848                __vector_104
                0x00000848                __vector_63
                0x00000848                __vector_28
                0x00000848                __vector_67
                0x00000848                __vector_1
                0x00000848                __vector_119
                0x00000848                __vector_32
                0x00000848                __vector_75
                0x00000848                __vector_71
                0x00000848                __vector_91
                0x00000848                __vector_34
                0x00000848                __vector_62
                0x00000848                __vector_77
                0x00000848                __vector_102
                0x00000848                __vector_24
                0x00000848                __vector_12
                0x00000848                __vector_55
                0x00000848                __vector_69
                0x00000848                __vector_81
                0x00000848                __vector_90
                0x00000848                __vector_46
                0x00000848                __bad_interrupt
                0x00000848                __vector_122
                0x00000848                __vector_72
                0x00000848                __vector_114
                0x00000848                __vector_6
                0x00000848                __vector_110
                0x00000848                __vector_31
                0x00000848                __vector_92
                0x00000848                __vector_35
                0x00000848                __vector_78
                0x00000848                __vector_74
                0x00000848                __vector_117
                0x00000848                __vector_39
                0x00000848                __vector_107
                0x00000848                __vector_3
                0x00000848                __vector_105
                0x00000848                __vector_98
                0x00000848                __vector_23
                0x00000848                __vector_68
                0x00000848                __vector_30
                0x00000848                __vector_73
                0x00000848                __vector_45
                0x00000848                __vector_25
                0x00000848                __vector_93
                0x00000848                __vector_61
                0x00000848                __vector_11
                0x00000848                __vector_54
                0x00000848                __vector_99
                0x00000848                __vector_13
                0x00000848                __vector_17
                0x00000848                __vector_19
                0x00000848                __vector_56
                0x00000848                __vector_7
                0x00000848                __vector_49
                0x00000848                __vector_123
                0x00000848                __vector_41
                0x00000848                __vector_86
                0x00000848                __vector_100
                0x00000848                __vector_101
                0x00000848                __vector_64
                0x00000848                __vector_88
                0x00000848                __vector_109
                0x00000848                __vector_43
                0x00000848                __vector_27
                0x00000848                __vector_5
                0x00000848                __vector_113
                0x00000848                __vector_33
                0x00000848                __vector_76
                0x00000848                __vector_115
                0x00000848                __vector_52
                0x00000848                __vector_37
                0x00000848                __vector_95
                0x00000848                __vector_103
                0x00000848                __vector_96
                0x00000848                __vector_89
                0x00000848                __vector_108
                0x00000848                __vector_4
                0x00000848                __vector_44
                0x00000848                __vector_82
                0x00000848                __vector_106
                0x00000848                __vector_118
                0x00000848                __vector_51
                0x00000848                __vector_9
                0x00000848                __vector_2
                0x00000848                __vector_21
                0x00000848                __vector_15
                0x00000848                __vector_66
                0x00000848                __vector_36
                0x00000848                __vector_79
                0x00000848                __vector_58
                0x00000848                __vector_70
                0x00000848                __vector_29
                0x00000848                __vector_60
                0x00000848                __vector_121
                0x00000848                __vector_40
                0x00000848                __vector_94
                0x00000848                __vector_8
                0x00000848                __vector_26
                0x00000848                __vector_48
                0x00000848                __vector_124
                0x00000848                __vector_116
                0x00000848                __vector_112
                0x00000848                __vector_111
                0x00000848                __vector_80
                0x00000848                __vector_14
                0x00000848                __vector_84
                0x00000848                __vector_57
                0x00000848                __vector_53
                0x00000848                __vector_50
                0x00000848                __vector_16
                0x00000848                __vector_59
                0x00000848                __vector_18
                0x00000848                __vector_97
                0x00000848                __vector_42
                0x00000848                __vector_87
                0x00000848                __vector_65
                0x00000848                __vector_120
                0x0000084c                . = ALIGN (0x2)
 *(.text.*)
 .text._Z24calculate_crc32_checksumPhh
                0x0000084c       0x84 CRC.o
                0x0000084c                _Z24calculate_crc32_checksumPhh
 .text.CALLBACK_USB_GetDescriptor
                0x000008d0       0x78 Descriptors.o
                0x000008d0                CALLBACK_USB_GetDescriptor
 .text._Z8set_WRENv
                0x00000948       0x1e FRAM.o
                0x00000948                _Z8set_WRENv
 .text._Z17Write_to_SPI_FRAMPhjh
                0x00000966       0x30 FRAM.o
                0x00000966                _Z17Write_to_SPI_FRAMPhjh
 .text._Z18Read_from_SPI_FRAMPhjh
                0x00000996       0x30 FRAM.o
                0x00000996                _Z18Read_from_SPI_FRAMPhjh
 .text._Z12read_profileP13Speed_profilehbj
                0x000009c6       0x54 FRAM.o
                0x000009c6                _Z12read_profileP13Speed_profilehbj
 .text._Z18read_param_profileP20regulator_parametershbj
                0x00000a1a       0x52 FRAM.o
                0x00000a1a                _Z18read_param_profileP20regulator_parametershbj
 .text._Z13write_profileP13Speed_profilehbj
                0x00000a6c       0x8e FRAM.o
                0x00000a6c                _Z13write_profileP13Speed_profilehbj
 .text._Z19write_param_profileP20regulator_parametershbj
                0x00000afa       0x88 FRAM.o
                0x00000afa                _Z19write_param_profileP20regulator_parametershbj
 .text._Z10PCA_configv
                0x00000b82       0x48 lcd.o
                0x00000b82                _Z10PCA_configv
 .text._Z9lcd_resetv
                0x00000bca       0x6e lcd.o
                0x00000bca                _Z9lcd_resetv
 .text._Z11sendCommandh
                0x00000c38       0x42 lcd.o
                0x00000c38                _Z11sendCommandh
 .text._Z10lcd_gotoxyhhb
                0x00000c7a       0xe0 lcd.o
                0x00000c7a                _Z10lcd_gotoxyhhb
 .text._Z8lcd_homeb
                0x00000d5a        0xc lcd.o
                0x00000d5a                _Z8lcd_homeb
 .text._Z10lcd_clrscrb
                0x00000d66       0xb0 lcd.o
                0x00000d66                _Z10lcd_clrscrb
 .text._Z15lcd_init_SH1106h
                0x00000e16       0xa4 lcd.o
                0x00000e16                _Z15lcd_init_SH1106h
 .text._Z8lcd_inith
                0x00000eba      0x22e lcd.o
                0x00000eba                _Z8lcd_inith
 .text._Z8lcd_putcc
                0x000010e8      0x256 lcd.o
                0x000010e8                _Z8lcd_putcc
 .text._Z15lcd_putc_invertc
                0x0000133e      0x258 lcd.o
                0x0000133e                _Z15lcd_putc_invertc
 .text._Z8lcd_putsPKc
                0x00001596       0x1e lcd.o
                0x00001596                _Z8lcd_putsPKc
 .text._Z15lcd_puts_invertPKc
                0x000015b4       0x1e lcd.o
                0x000015b4                _Z15lcd_puts_invertPKc
 .text._Z19lcd_puts_invert_posPKchh
                0x000015d2       0x56 lcd.o
                0x000015d2                _Z19lcd_puts_invert_posPKchh
 .text.__vector_10
                0x00001628       0xae main.o
                0x00001628                __vector_10
 .text.__vector_47
                0x000016d6      0x102 main.o
                0x000016d6                __vector_47
 .text._Z13get_key_pressh
                0x000017d8       0x16 main.o
                0x000017d8                _Z13get_key_pressh
 .text._Z11get_key_rpth
                0x000017ee       0x16 main.o
                0x000017ee                _Z11get_key_rpth
 .text._Z13get_key_shorth
                0x00001804       0x10 main.o
                0x00001804                _Z13get_key_shorth
 .text._Z12get_key_longh
                0x00001814        0xa main.o
                0x00001814                _Z12get_key_longh
 .text._Z8twi_initP10TWI_struct
                0x0000181e       0x22 main.o
                0x0000181e                _Z8twi_initP10TWI_struct
 .text._Z9AddTotAvgPjPhj
                0x00001840       0x1e main.o
                0x00001840                _Z9AddTotAvgPjPhj
 .text.__vector_22
                0x0000185e       0x72 main.o
                0x0000185e                __vector_22
 .text.__vector_20
                0x000018d0       0x5c main.o
                0x000018d0                __vector_20
 .text.__vector_85
                0x0000192c       0x72 main.o
                0x0000192c                __vector_85
 .text.__vector_83
                0x0000199e       0x5c main.o
                0x0000199e                __vector_83
 .text._Z14GetOutputValuePj
                0x000019fa       0x44 main.o
                0x000019fa                _Z14GetOutputValuePj
 .text._Z9regulatorv
                0x00001a3e      0x60e main.o
                0x00001a3e                _Z9regulatorv
 .text._Z11size_stringh
                0x0000204c       0x6c main.o
                0x0000204c                _Z11size_stringh
 .text._Z20size_string_invertedh
                0x000020b8       0x6c main.o
                0x000020b8                _Z20size_string_invertedh
 .text._Z9Blink_LEDP11PORT_structhhh
                0x00002124       0x56 main.o
                0x00002124                _Z9Blink_LEDP11PORT_structhhh
 .text._Z9info_datajPcPb
                0x0000217a       0x92 main.o
                0x0000217a                _Z9info_datajPcPb
 .text._Z8RTC_Initv
                0x0000220c       0x44 main.o
                0x0000220c                _Z8RTC_Initv
 .text._Z16Config32MHzClockv
                0x00002250       0x78 main.o
                0x00002250                _Z16Config32MHzClockv
 .text._Z10Timer_initv
                0x000022c8       0x90 main.o
                0x000022c8                _Z10Timer_initv
 .text._Z11encode_initv
                0x00002358       0x24 main.o
                0x00002358                _Z11encode_initv
 .text._Z12encode_read2v
                0x0000237c       0x5e main.o
                0x0000237c                _Z12encode_read2v
 .text._Z25change_parameter_settingsP20regulator_parametersbPhPcPbS1_
                0x000023da      0x61e main.o
                0x000023da                _Z25change_parameter_settingsP20regulator_parametersbPhPcPbS1_
 .text._Z18update_proile_timePmim
                0x000029f8       0x78 main.o
                0x000029f8                _Z18update_proile_timePmim
 .text._Z12display_timePVmS0_hhbb
                0x00002a70      0x212 main.o
                0x00002a70                _Z12display_timePVmS0_hhbb
 .text._Z17display_time_menuPVmbhh
                0x00002c82      0x1f0 main.o
                0x00002c82                _Z17display_time_menuPVmbhh
 .text._Z9ADCA_initv
                0x00002e72       0x1c main.o
                0x00002e72                _Z9ADCA_initv
 .text._Z15ADCA_ConversionP13ADC_CH_structc
                0x00002e8e       0x48 main.o
                0x00002e8e                _Z15ADCA_ConversionP13ADC_CH_structc
 .text._Z12calc_voltagej
                0x00002ed6       0x3e main.o
                0x00002ed6                _Z12calc_voltagej
 .text._Z14init_profile_av
                0x00002f14       0xa0 main.o
                0x00002f14                _Z14init_profile_av
 .text._Z14init_profile_bv
                0x00002fb4       0xa0 main.o
                0x00002fb4                _Z14init_profile_bv
 .text._Z14init_parameterP20regulator_parametershb
                0x00003054       0x5e main.o
                0x00003054                _Z14init_parameterP20regulator_parametershb
 .text._Z13init_profile_P13Speed_profile
                0x000030b2       0x7c main.o
                0x000030b2                _Z13init_profile_P13Speed_profile
 .text._Z19change_profile_menuPhP13Speed_profilePcS_S_Pb
                0x0000312e      0x95c main.o
                0x0000312e                _Z19change_profile_menuPhP13Speed_profilePcS_S_Pb
 .text._Z12display_menuPhPcP13Speed_profileS_bPb
                0x00003a8a      0x99a main.o
                0x00003a8a                _Z12display_menuPhPcP13Speed_profileS_bPb
 .text.main     0x00004424     0x3144 main.o
                0x00004424                main
 .text._Z14get_mem_unusedv
                0x00007568       0x1a mem-check.o
                0x00007568                _Z14get_mem_unusedv
 .text._Z9SPIC_Initv
                0x00007582       0x1e SPI.o
                0x00007582                _Z9SPIC_Initv
 .text._Z10SPIC_Writeh
                0x000075a0       0x14 SPI.o
                0x000075a0                _Z10SPIC_Writeh
 .text._Z24SPIC_Write_16bit_addressj
                0x000075b4       0x14 SPI.o
                0x000075b4                _Z24SPIC_Write_16bit_addressj
 .text._Z16SPIC_Write_arrayPhh
                0x000075c8       0x2c SPI.o
                0x000075c8                _Z16SPIC_Write_arrayPhh
 .text._Z15SPIC_Read_arrayPhh
                0x000075f4       0x2e SPI.o
                0x000075f4                _Z15SPIC_Read_arrayPhh
 .text._Z9twi_writeP10TWI_structPhhjhbbb
                0x00007622       0xdc twi.o
                0x00007622                _Z9twi_writeP10TWI_structPhhjhbbb
 .text._Z8twi_readP10TWI_structPhhjhb
                0x000076fe       0xd2 twi.o
                0x000076fe                _Z8twi_readP10TWI_structPhhjhb
 .text._Z18twi_presense_checkP10TWI_structh
                0x000077d0       0x94 twi.o
                0x000077d0                _Z18twi_presense_checkP10TWI_structh
 .text.usb_handle_ring_note
                0x00007864       0x60 usb_cdc.o
                0x00007864                usb_handle_ring_note
 .text.usb_handle_ring_rx
                0x000078c4       0x34 usb_cdc.o
                0x000078c4                usb_handle_ring_rx
 .text.usb_handle_ring_tx
                0x000078f8       0x34 usb_cdc.o
                0x000078f8                usb_handle_ring_tx
 .text.usb_init
                0x0000792c       0x4a usb_cdc.o
                0x0000792c                usb_init
 .text.EVENT_USB_Device_SetInterface
                0x00007976        0x4 usb_cdc.o
                0x00007976                EVENT_USB_Device_SetInterface
 .text.EVENT_USB_Device_ConfigurationChanged
                0x0000797a       0x1a usb_cdc.o
                0x0000797a                EVENT_USB_Device_ConfigurationChanged
 .text.EVENT_USB_Device_Suspend
                0x00007994        0x2 usb_cdc.o
                0x00007994                EVENT_USB_Device_Suspend
 .text.EVENT_USB_Device_WakeUp
                0x00007996        0x2 usb_cdc.o
                0x00007996                EVENT_USB_Device_WakeUp
 .text.EVENT_USB_Device_Reset
                0x00007998        0x2 usb_cdc.o
                0x00007998                EVENT_USB_Device_Reset
 .text.EVENT_USB_Device_ControlOUT
                0x0000799a       0x1e usb_cdc.o
                0x0000799a                EVENT_USB_Device_ControlOUT
 .text.EVENT_USB_Device_ControlRequest
                0x000079b8       0xdc usb_cdc.o
                0x000079b8                EVENT_USB_Device_ControlRequest
 .text.ep_def_init_buffer
                0x00007a94       0x88 usb_ep.o
                0x00007a94                ep_def_init_buffer
 .text.ep_def_init
                0x00007b1c      0x24a usb_ep.o
                0x00007b1c                ep_def_init
 .text.ep_def_in
                0x00007d66      0x186 usb_ep.o
                0x00007d66                ep_def_in
 .text.ep_def_out
                0x00007eec      0x184 usb_ep.o
                0x00007eec                ep_def_out
 .text.USB_ResetInterface
                0x00008070       0x4a usb_xm.o
                0x00008070                USB_ResetInterface
 .text.USB_xm_Init
                0x000080ba       0x38 usb_xm.o
                0x000080ba                USB_xm_Init
 .text.USB_ep0_send_progmem
                0x000080f2       0x42 usb_xm.o
                0x000080f2                USB_ep0_send_progmem
 .text.USB_HandleSetup
                0x00008134      0x262 usb_xm.o
                0x00008134                USB_HandleSetup
 .text.USB_Evt_Task
                0x00008396       0x18 usb_xm.o
                0x00008396                USB_Evt_Task
 .text.__vector_125
                0x000083ae       0xb4 usb_xm.o
                0x000083ae                __vector_125
 .text.USB_Task
                0x00008462       0x4c usb_xm.o
                0x00008462                USB_Task
 .text.__vector_126
                0x000084ae       0x5a usb_xm.o
                0x000084ae                __vector_126
 .text.libgcc.div
                0x00008508       0x44 c:/program files (x86)/atmel/studio/7.0/toolchain/avr8/avr8-gnu-toolchain/bin/../lib/gcc/avr/5.4.0/avrxmega4\libgcc.a(_udivmodsi4.o)
                0x00008508                __udivmodsi4
 .text.libgcc.div
                0x0000854c       0x2e c:/program files (x86)/atmel/studio/7.0/toolchain/avr8/avr8-gnu-toolchain/bin/../lib/gcc/avr/5.4.0/avrxmega4\libgcc.a(_divmodsi4.o)
                0x0000854c                __divmodsi4
 .text.libgcc.div
                0x0000857a       0x10 c:/program files (x86)/atmel/studio/7.0/toolchain/avr8/avr8-gnu-toolchain/bin/../lib/gcc/avr/5.4.0/avrxmega4\libgcc.a(_negsi2.o)
                0x0000857a                __negsi2
 .text.libgcc   0x0000858a       0x12 c:/program files (x86)/atmel/studio/7.0/toolchain/avr8/avr8-gnu-toolchain/bin/../lib/gcc/avr/5.4.0/avrxmega4\libgcc.a(_tablejump2.o)
                0x0000858a                __tablejump2__
 .text.libgcc.mul
                0x0000859c       0x1e c:/program files (x86)/atmel/studio/7.0/toolchain/avr8/avr8-gnu-toolchain/bin/../lib/gcc/avr/5.4.0/avrxmega4\libgcc.a(_umulhisi3.o)
                0x0000859c                __umulhisi3
 .text.libgcc.mul
                0x000085ba        0xe c:/program files (x86)/atmel/studio/7.0/toolchain/avr8/avr8-gnu-toolchain/bin/../lib/gcc/avr/5.4.0/avrxmega4\libgcc.a(_usmulhisi3.o)
                0x000085ba                __usmulhisi3
                0x000085be                __usmulhisi3_tail
 .text.libgcc.mul
                0x000085c8       0x16 c:/program files (x86)/atmel/studio/7.0/toolchain/avr8/avr8-gnu-toolchain/bin/../lib/gcc/avr/5.4.0/avrxmega4\libgcc.a(_muluhisi3.o)
                0x000085c8                __muluhisi3
 .text.avr-libc
                0x000085de       0x12 c:/program files (x86)/atmel/studio/7.0/toolchain/avr8/avr8-gnu-toolchain/bin/../lib/gcc/avr/5.4.0/../../../../avr/lib/avrxmega4\libc.a(memcpy.o)
                0x000085de                memcpy
 .text.avr-libc
                0x000085f0       0x16 c:/program files (x86)/atmel/studio/7.0/toolchain/avr8/avr8-gnu-toolchain/bin/../lib/gcc/avr/5.4.0/../../../../avr/lib/avrxmega4\libc.a(strcat.o)
                0x000085f0                strcat
 .text.avr-libc
                0x00008606        0xe c:/program files (x86)/atmel/studio/7.0/toolchain/avr8/avr8-gnu-toolchain/bin/../lib/gcc/avr/5.4.0/../../../../avr/lib/avrxmega4\libc.a(strcpy.o)
                0x00008606                strcpy
 .text.avr-libc
                0x00008614       0x44 c:/program files (x86)/atmel/studio/7.0/toolchain/avr8/avr8-gnu-toolchain/bin/../lib/gcc/avr/5.4.0/../../../../avr/lib/avrxmega4\libc.a(ultoa_ncheck.o)
                0x00008614                __ultoa_ncheck
                0x00008616                __ultoa_common
 .text.avr-libc
                0x00008658       0x34 c:/program files (x86)/atmel/studio/7.0/toolchain/avr8/avr8-gnu-toolchain/bin/../lib/gcc/avr/5.4.0/../../../../avr/lib/avrxmega4\libc.a(utoa_ncheck.o)
                0x00008658                __utoa_ncheck
                0x0000865a                __utoa_common
 .text.avr-libc
                0x0000868c       0x20 c:/program files (x86)/atmel/studio/7.0/toolchain/avr8/avr8-gnu-toolchain/bin/../lib/gcc/avr/5.4.0/../../../../avr/lib/avrxmega4\libc.a(strrev.o)
                0x0000868c                strrev
 .text.avr-libc
                0x000086ac       0x20 C:/Program Files (x86)/Atmel/Studio/7.0/Packs/atmel/XMEGAA_DFP/1.1.68/gcc/dev/atxmega64a4u/avrxmega4\libatxmega64a4u.a(eerd_byte.o)
                0x000086ac                eeprom_read_byte
                0x000086b4                eeprom_mapen
                0x000086cc                . = ALIGN (0x2)
 *(.fini9)
 .fini9         0x000086cc        0x0 c:/program files (x86)/atmel/studio/7.0/toolchain/avr8/avr8-gnu-toolchain/bin/../lib/gcc/avr/5.4.0/avrxmega4\libgcc.a(_exit.o)
                0x000086cc                _exit
                0x000086cc                exit
 *(.fini9)
 *(.fini8)
 *(.fini8)
 *(.fini7)
 *(.fini7)
 *(.fini6)
 *(.fini6)
 *(.fini5)
 *(.fini5)
 *(.fini4)
 *(.fini4)
 *(.fini3)
 *(.fini3)
 *(.fini2)
 *(.fini2)
 *(.fini1)
 *(.fini1)
 *(.fini0)
 .fini0         0x000086cc        0x4 c:/program files (x86)/atmel/studio/7.0/toolchain/avr8/avr8-gnu-toolchain/bin/../lib/gcc/avr/5.4.0/avrxmega4\libgcc.a(_exit.o)
 *(.fini0)
                0x000086d0                _etext = .

.data           0x00802000      0x352 load address 0x000086d0
                0x00802000                PROVIDE (__data_start, .)
 *(.data)
 .data          0x00802000      0x100 usb_ep.o
                0x00802000                endpoints
 *(.data*)
 .data._ZZ4mainE12old_position
                0x00802100        0x1 main.o
 .data._ZZ19change_profile_menuPhP13Speed_profilePcS_S_PbE6reload
                0x00802101        0x1 main.o
 .data._ZZ11__vector_47E3ct1
                0x00802102        0x1 main.o
 .data._ZZ11__vector_47E3ct0
                0x00802103        0x1 main.o
 .data.p_profile_mod
                0x00802104        0x2 main.o
                0x00802104                p_profile_mod
 .data.update_display
                0x00802106        0x1 main.o
                0x00802106                update_display
 .data.first_line_profile
                0x00802107        0x1 main.o
                0x00802107                first_line_profile
 .data.type_of_encoder
                0x00802108        0x1 main.o
                0x00802108                type_of_encoder
 .data.show_profile
                0x00802109        0x1 main.o
                0x00802109                show_profile
 .data.p_parameter_b
                0x0080210a        0x2 main.o
                0x0080210a                p_parameter_b
 .data.p_parameter_a
                0x0080210c        0x2 main.o
                0x0080210c                p_parameter_a
 .data.p_Profile_b
                0x0080210e        0x2 main.o
                0x0080210e                p_Profile_b
 .data.p_Profile_a
                0x00802110        0x2 main.o
                0x00802110                p_Profile_a
 .data.I_Anteil_speed_b
                0x00802112        0x4 main.o
                0x00802112                I_Anteil_speed_b
 .data.I_Anteil_b
                0x00802116        0x4 main.o
                0x00802116                I_Anteil_b
 .data.I_Anteil_speed_a
                0x0080211a        0x4 main.o
                0x0080211a                I_Anteil_speed_a
 .data.I_Anteil_a
                0x0080211e        0x4 main.o
                0x0080211e                I_Anteil_a
 .data.Sollwert_RPM_b
                0x00802122        0x2 main.o
                0x00802122                Sollwert_RPM_b
 .data.Sollwert_RPM_a
                0x00802124        0x2 main.o
                0x00802124                Sollwert_RPM_a
 .data.Sollwert_b
                0x00802126        0x2 main.o
                0x00802126                Sollwert_b
 .data.Sollwert_a
                0x00802128        0x2 main.o
                0x00802128                Sollwert_a
 .data.ADC_Value_b
                0x0080212a        0x2 main.o
                0x0080212a                ADC_Value_b
 .data.ADC_Value_a
                0x0080212c        0x2 main.o
                0x0080212c                ADC_Value_a
 .data.ep_note_data
                0x0080212e        0x9 usb_cdc.o
                0x0080212e                ep_note_data
 .data.ep_out_data
                0x00802137        0x9 usb_cdc.o
                0x00802137                ep_out_data
 .data.ep_in_data
                0x00802140        0x9 usb_cdc.o
                0x00802140                ep_in_data
 .data.LineEncoding
                0x00802149        0x7 usb_cdc.o
                0x00802149                LineEncoding
 *(.gnu.linkonce.d*)
 *(.rodata)
 .rodata        0x00802150        0x6 lcd.o
 *(.rodata*)
 .rodata.str1.1
                0x00802156      0x1fb main.o
                                0x1fd (size before relaxing)
 *(.gnu.linkonce.r*)
                0x00802352                . = ALIGN (0x2)
 *fill*         0x00802351        0x1 
                0x00802352                _edata = .
                0x00802352                PROVIDE (__data_end, .)

.bss            0x00802352      0x39d
                0x00802352                PROVIDE (__bss_start, .)
 *(.bss)
 *(.bss*)
 .bss._ZZ15lcd_putc_invertcE4data
                0x00802352        0x6 lcd.o
 .bss._ZZ8lcd_putccE4data
                0x00802358        0x6 lcd.o
 .bss._ZZ12display_menuPhPcP13Speed_profileS_bPbE3ID_
                0x0080235e        0x1 main.o
 .bss._ZZ12display_menuPhPcP13Speed_profileS_bPbE6reload
                0x0080235f        0x1 main.o
 .bss._ZZ11__vector_47E3rpt
                0x00802360        0x1 main.o
 .bss._ZZ11__vector_47E7counter
                0x00802361        0x1 main.o
 .bss.TWI_FRAM_present
                0x00802362        0x1 main.o
                0x00802362                TWI_FRAM_present
 .bss.port_expander_present
                0x00802363        0x1 main.o
                0x00802363                port_expander_present
 .bss.ID_mod    0x00802364        0x1 main.o
                0x00802364                ID_mod
 .bss.profile_mod
                0x00802365       0x20 main.o
                0x00802365                profile_mod
 .bss.Dauerantwort
                0x00802385        0x1 main.o
                0x00802385                Dauerantwort
 .bss.Echo      0x00802386        0x1 main.o
                0x00802386                Echo
 .bss.empfangene_Bytes
                0x00802387        0xc main.o
                0x00802387                empfangene_Bytes
 .bss.IndexNextValue_a
                0x00802393        0x1 main.o
                0x00802393                IndexNextValue_a
 .bss.RPM_a_raw
                0x00802394       0x20 main.o
                0x00802394                RPM_a_raw
 .bss.IndexNextValue_b
                0x008023b4        0x1 main.o
                0x008023b4                IndexNextValue_b
 .bss.RPM_b_raw
                0x008023b5       0x20 main.o
                0x008023b5                RPM_b_raw
 .bss.end_b     0x008023d5        0x1 main.o
                0x008023d5                end_b
 .bss.end_a     0x008023d6        0x1 main.o
                0x008023d6                end_a
 .bss.runtime_b
                0x008023d7        0x4 main.o
                0x008023d7                runtime_b
 .bss.runtime_a
                0x008023db        0x4 main.o
                0x008023db                runtime_a
 .bss.menu      0x008023df        0x2 main.o
                0x008023df                menu
 .bss.screen_clear
                0x008023e1        0x1 main.o
                0x008023e1                screen_clear
 .bss.show_menu
                0x008023e2        0x1 main.o
                0x008023e2                show_menu
 .bss.show_debug
                0x008023e3        0x1 main.o
                0x008023e3                show_debug
 .bss.parameter_b
                0x008023e4       0x14 main.o
                0x008023e4                parameter_b
 .bss.parameter_a
                0x008023f8       0x14 main.o
                0x008023f8                parameter_a
 .bss.Profile_b
                0x0080240c       0x20 main.o
                0x0080240c                Profile_b
 .bss.Profile_a
                0x0080242c       0x20 main.o
                0x0080242c                Profile_a
 .bss.key_rpt   0x0080244c        0x1 main.o
                0x0080244c                key_rpt
 .bss.key_press
                0x0080244d        0x1 main.o
                0x0080244d                key_press
 .bss.key_state
                0x0080244e        0x1 main.o
                0x0080244e                key_state
 .bss.hand_b    0x0080244f        0x1 main.o
                0x0080244f                hand_b
 .bss.hand_a    0x00802450        0x1 main.o
                0x00802450                hand_a
 .bss.running_b
                0x00802451        0x1 main.o
                0x00802451                running_b
 .bss.running_a
                0x00802452        0x1 main.o
                0x00802452                running_a
 .bss.recalc_time
                0x00802453        0x1 main.o
                0x00802453                recalc_time
 .bss._ZL4last  0x00802454        0x1 main.o
 .bss.enc_delta
                0x00802455        0x1 main.o
                0x00802455                enc_delta
 .bss.calc_regulator
                0x00802456        0x1 main.o
                0x00802456                calc_regulator
 .bss.RPM_b     0x00802457        0x4 main.o
                0x00802457                RPM_b
 .bss.RPM_a     0x0080245b        0x4 main.o
                0x0080245b                RPM_a
 .bss.display_counter
                0x0080245f        0x1 main.o
                0x0080245f                display_counter
 .bss.Blink     0x00802460        0x1 main.o
                0x00802460                Blink
 .bss.Unixtimestamp
                0x00802461        0x4 main.o
                0x00802461                Unixtimestamp
 .bss.usb_notify_state
                0x00802465        0x1 usb_cdc.o
                0x00802465                usb_notify_state
 .bss.usb_stored_control
                0x00802466        0x1 usb_cdc.o
                0x00802466                usb_stored_control
 *(COMMON)
 COMMON         0x00802467      0x206 usb_cdc.o
                0x00802467                ep_in_buf
                0x008024e7                ep_out_buf
                0x00802567                cdc_rxb
                0x008025aa                ep_note_buf
                0x0080262a                cdc_txb
 COMMON         0x0080266d       0x80 usb_ep.o
                0x0080266d                ep0_buf_in
                0x008026ad                ep0_buf_out
 COMMON         0x008026ed        0x2 usb_xm.o
                0x008026ed                USB_DeviceState
                0x008026ee                USB_Device_ConfigurationNumber
                0x008026ef                PROVIDE (__bss_end, .)
                0x000086d0                __data_load_start = LOADADDR (.data)
                0x00008a22                __data_load_end = (__data_load_start + SIZEOF (.data))

.noinit         0x008026ef        0x0
                [!provide]                PROVIDE (__noinit_start, .)
 *(.noinit*)
                [!provide]                PROVIDE (__noinit_end, .)
                0x008026ef                _end = .
                0x008026ef                PROVIDE (__heap_start, .)

.eeprom         0x00810000        0x5
 *(.eeprom*)
 .eeprom        0x00810000        0x5 main.o
                0x00810000                show_profile_eeprom
                0x00810001                show_debug_eeprom
                0x00810002                type_of_encoder_EE
                0x00810003                profile_ID_b
                0x00810004                profile_ID_a
                0x00810005                __eeprom_end = .

.fuse
 *(.fuse)
 *(.lfuse)
 *(.hfuse)
 *(.efuse)

.lock
 *(.lock*)

.signature
 *(.signature*)

.user_signatures
 *(.user_signatures*)

.stab
 *(.stab)

.stabstr
 *(.stabstr)

.stab.excl
 *(.stab.excl)

.stab.exclstr
 *(.stab.exclstr)

.stab.index
 *(.stab.index)

.stab.indexstr
 *(.stab.indexstr)

.comment        0x00000000       0x30
 *(.comment)
 .comment       0x00000000       0x30 CRC.o
                                 0x31 (size before relaxing)
 .comment       0x00000030       0x31 Descriptors.o
 .comment       0x00000030       0x31 FRAM.o
 .comment       0x00000030       0x31 lcd.o
 .comment       0x00000030       0x31 main.o
 .comment       0x00000030       0x31 mem-check.o
 .comment       0x00000030       0x31 SPI.o
 .comment       0x00000030       0x31 twi.o
 .comment       0x00000030       0x31 usb_cdc.o
 .comment       0x00000030       0x31 usb_ep.o
 .comment       0x00000030       0x31 usb_xm.o

.note.gnu.avr.deviceinfo
                0x00000000       0x40
 .note.gnu.avr.deviceinfo
                0x00000000       0x40 C:/Program Files (x86)/Atmel/Studio/7.0/Packs/atmel/XMEGAA_DFP/1.1.68/gcc/dev/atxmega64a4u/avrxmega4/crtatxmega64a4u.o

.note.gnu.build-id
 *(.note.gnu.build-id)

.debug
 *(.debug)

.line
 *(.line)

.debug_srcinfo
 *(.debug_srcinfo)

.debug_sfnames
 *(.debug_sfnames)

.debug_aranges  0x00000000      0x468
 *(.debug_aranges)
 .debug_aranges
                0x00000000       0x20 CRC.o
 .debug_aranges
                0x00000020       0x20 Descriptors.o
 .debug_aranges
                0x00000040       0x50 FRAM.o
 .debug_aranges
                0x00000090       0x80 lcd.o
 .debug_aranges
                0x00000110      0x170 main.o
 .debug_aranges
                0x00000280       0x28 mem-check.o
 .debug_aranges
                0x000002a8       0x48 SPI.o
 .debug_aranges
                0x000002f0       0x30 twi.o
 .debug_aranges
                0x00000320       0x70 usb_cdc.o
 .debug_aranges
                0x00000390       0x38 usb_ep.o
 .debug_aranges
                0x000003c8       0x80 usb_xm.o
 .debug_aranges
                0x00000448       0x20 C:/Program Files (x86)/Atmel/Studio/7.0/Packs/atmel/XMEGAA_DFP/1.1.68/gcc/dev/atxmega64a4u/avrxmega4\libatxmega64a4u.a(eerd_byte.o)

.debug_pubnames
 *(.debug_pubnames)

.debug_info     0x00000000    0x1329d
 *(.debug_info .gnu.linkonce.wi.*)
 .debug_info    0x00000000     0x284f C:/Program Files (x86)/Atmel/Studio/7.0/Packs/atmel/XMEGAA_DFP/1.1.68/gcc/dev/atxmega64a4u/avrxmega4/crtatxmega64a4u.o
 .debug_info    0x0000284f      0x1e3 CRC.o
 .debug_info    0x00002a32      0x749 Descriptors.o
 .debug_info    0x0000317b      0xa55 FRAM.o
 .debug_info    0x00003bd0     0x1bc5 lcd.o
 .debug_info    0x00005795     0xa42c main.o
 .debug_info    0x0000fbc1       0xd1 mem-check.o
 .debug_info    0x0000fc92      0x44a SPI.o
 .debug_info    0x000100dc      0x728 twi.o
 .debug_info    0x00010804      0xe1d usb_cdc.o
 .debug_info    0x00011621      0x6ac usb_ep.o
 .debug_info    0x00011ccd     0x151d usb_xm.o
 .debug_info    0x000131ea       0xb3 C:/Program Files (x86)/Atmel/Studio/7.0/Packs/atmel/XMEGAA_DFP/1.1.68/gcc/dev/atxmega64a4u/avrxmega4\libatxmega64a4u.a(eerd_byte.o)

.debug_abbrev   0x00000000     0x3d2e
 *(.debug_abbrev)
 .debug_abbrev  0x00000000     0x262c C:/Program Files (x86)/Atmel/Studio/7.0/Packs/atmel/XMEGAA_DFP/1.1.68/gcc/dev/atxmega64a4u/avrxmega4/crtatxmega64a4u.o
 .debug_abbrev  0x0000262c       0xd8 CRC.o
 .debug_abbrev  0x00002704      0x138 Descriptors.o
 .debug_abbrev  0x0000283c      0x1a3 FRAM.o
 .debug_abbrev  0x000029df      0x224 lcd.o
 .debug_abbrev  0x00002c03      0x49a main.o
 .debug_abbrev  0x0000309d       0x93 mem-check.o
 .debug_abbrev  0x00003130      0x17a SPI.o
 .debug_abbrev  0x000032aa      0x1ae twi.o
 .debug_abbrev  0x00003458      0x2a4 usb_cdc.o
 .debug_abbrev  0x000036fc      0x274 usb_ep.o
 .debug_abbrev  0x00003970      0x3aa usb_xm.o
 .debug_abbrev  0x00003d1a       0x14 C:/Program Files (x86)/Atmel/Studio/7.0/Packs/atmel/XMEGAA_DFP/1.1.68/gcc/dev/atxmega64a4u/avrxmega4\libatxmega64a4u.a(eerd_byte.o)

.debug_line     0x00000000     0x6204
 *(.debug_line .debug_line.* .debug_line_end)
 .debug_line    0x00000000      0x391 C:/Program Files (x86)/Atmel/Studio/7.0/Packs/atmel/XMEGAA_DFP/1.1.68/gcc/dev/atxmega64a4u/avrxmega4/crtatxmega64a4u.o
 .debug_line    0x00000391      0x172 CRC.o
 .debug_line    0x00000503      0x1ba Descriptors.o
 .debug_line    0x000006bd      0x2dd FRAM.o
 .debug_line    0x0000099a      0x7f4 lcd.o
 .debug_line    0x0000118e     0x385f main.o
 .debug_line    0x000049ed       0x74 mem-check.o
 .debug_line    0x00004a61      0x1f9 SPI.o
 .debug_line    0x00004c5a      0x41b twi.o
 .debug_line    0x00005075      0x3be usb_cdc.o
 .debug_line    0x00005433      0x599 usb_ep.o
 .debug_line    0x000059cc      0x78f usb_xm.o
 .debug_line    0x0000615b       0xa9 C:/Program Files (x86)/Atmel/Studio/7.0/Packs/atmel/XMEGAA_DFP/1.1.68/gcc/dev/atxmega64a4u/avrxmega4\libatxmega64a4u.a(eerd_byte.o)

.debug_frame    0x00000000      0xefc
 *(.debug_frame)
 .debug_frame   0x00000000       0x24 CRC.o
 .debug_frame   0x00000024       0x24 Descriptors.o
 .debug_frame   0x00000048      0x16c FRAM.o
 .debug_frame   0x000001b4      0x24c lcd.o
 .debug_frame   0x00000400      0x644 main.o
 .debug_frame   0x00000a44       0x34 mem-check.o
 .debug_frame   0x00000a78       0x7c SPI.o
 .debug_frame   0x00000af4       0x80 twi.o
 .debug_frame   0x00000b74       0xe0 usb_cdc.o
 .debug_frame   0x00000c54       0xa0 usb_ep.o
 .debug_frame   0x00000cf4      0x208 usb_xm.o

.debug_str      0x00000000     0x69f6
 *(.debug_str)
 .debug_str     0x00000000     0x1aa8 C:/Program Files (x86)/Atmel/Studio/7.0/Packs/atmel/XMEGAA_DFP/1.1.68/gcc/dev/atxmega64a4u/avrxmega4/crtatxmega64a4u.o
 .debug_str     0x00001aa8      0x322 CRC.o
                                0x36f (size before relaxing)
 .debug_str     0x00001dca      0x98c Descriptors.o
                                0xac1 (size before relaxing)
 .debug_str     0x00002756      0x50e FRAM.o
                                0x72a (size before relaxing)
 .debug_str     0x00002c64      0x202 lcd.o
                                0x50c (size before relaxing)
 .debug_str     0x00002e66     0x2f64 main.o
                               0x3790 (size before relaxing)
 .debug_str     0x00005dca       0x3c mem-check.o
                                0x21c (size before relaxing)
 .debug_str     0x00005e06      0x105 SPI.o
                                0x47f (size before relaxing)
 .debug_str     0x00005f0b       0xc7 twi.o
                                0x57d (size before relaxing)
 .debug_str     0x00005fd2      0x5c1 usb_cdc.o
                                0xb61 (size before relaxing)
 .debug_str     0x00006593      0x103 usb_ep.o
                                0x3a8 (size before relaxing)
 .debug_str     0x00006696      0x360 usb_xm.o
                               0x115e (size before relaxing)

.debug_loc      0x00000000     0x6f0c
 *(.debug_loc)
 .debug_loc     0x00000000      0x12f CRC.o
 .debug_loc     0x0000012f      0x226 Descriptors.o
 .debug_loc     0x00000355      0x878 FRAM.o
 .debug_loc     0x00000bcd     0x14ac lcd.o
 .debug_loc     0x00002079     0x310b main.o
 .debug_loc     0x00005184       0x24 mem-check.o
 .debug_loc     0x000051a8      0x19d SPI.o
 .debug_loc     0x00005345      0x57b twi.o
 .debug_loc     0x000058c0      0x38b usb_cdc.o
 .debug_loc     0x00005c4b      0x72f usb_ep.o
 .debug_loc     0x0000637a      0xb92 usb_xm.o

.debug_macinfo
 *(.debug_macinfo)

.debug_weaknames
 *(.debug_weaknames)

.debug_funcnames
 *(.debug_funcnames)

.debug_typenames
 *(.debug_typenames)

.debug_varnames
 *(.debug_varnames)

.debug_pubtypes
 *(.debug_pubtypes)

.debug_ranges   0x00000000      0x4d0
 *(.debug_ranges)
 .debug_ranges  0x00000000       0x10 CRC.o
 .debug_ranges  0x00000010       0x10 Descriptors.o
 .debug_ranges  0x00000020       0x40 FRAM.o
 .debug_ranges  0x00000060       0x70 lcd.o
 .debug_ranges  0x000000d0      0x238 main.o
 .debug_ranges  0x00000308       0x18 mem-check.o
 .debug_ranges  0x00000320       0x38 SPI.o
 .debug_ranges  0x00000358       0x20 twi.o
 .debug_ranges  0x00000378       0x60 usb_cdc.o
 .debug_ranges  0x000003d8       0x28 usb_ep.o
 .debug_ranges  0x00000400       0xd0 usb_xm.o

.debug_macro
 *(.debug_macro)
OUTPUT(DoppelMagnetruehrer.elf elf32-avr)
LOAD linker stubs
