Archive member included to satisfy reference by file (symbol)

c:/program files (x86)/atmel/studio/7.0/toolchain/avr8/avr8-gnu-toolchain/bin/../lib/gcc/avr/5.4.0/avrxmega4\libgcc.a(_udivmodsi4.o)
                              main.o (__udivmodsi4)
c:/program files (x86)/atmel/studio/7.0/toolchain/avr8/avr8-gnu-toolchain/bin/../lib/gcc/avr/5.4.0/avrxmega4\libgcc.a(_divmodsi4.o)
                              main.o (__divmodsi4)
c:/program files (x86)/atmel/studio/7.0/toolchain/avr8/avr8-gnu-toolchain/bin/../lib/gcc/avr/5.4.0/avrxmega4\libgcc.a(_negsi2.o)
                              c:/program files (x86)/atmel/studio/7.0/toolchain/avr8/avr8-gnu-toolchain/bin/../lib/gcc/avr/5.4.0/avrxmega4\libgcc.a(_divmodsi4.o) (__negsi2)
c:/program files (x86)/atmel/studio/7.0/toolchain/avr8/avr8-gnu-toolchain/bin/../lib/gcc/avr/5.4.0/avrxmega4\libgcc.a(_exit.o)
                              C:/Program Files (x86)/Atmel/Studio/7.0/Packs/atmel/XMEGAA_DFP/1.1.68/gcc/dev/atxmega64a4u/avrxmega4/crtatxmega64a4u.o (exit)
c:/program files (x86)/atmel/studio/7.0/toolchain/avr8/avr8-gnu-toolchain/bin/../lib/gcc/avr/5.4.0/avrxmega4\libgcc.a(_tablejump2.o)
                              lcd.o (__tablejump2__)
c:/program files (x86)/atmel/studio/7.0/toolchain/avr8/avr8-gnu-toolchain/bin/../lib/gcc/avr/5.4.0/avrxmega4\libgcc.a(_copy_data.o)
                              lcd.o (__do_copy_data)
c:/program files (x86)/atmel/studio/7.0/toolchain/avr8/avr8-gnu-toolchain/bin/../lib/gcc/avr/5.4.0/avrxmega4\libgcc.a(_clear_bss.o)
                              lcd.o (__do_clear_bss)
c:/program files (x86)/atmel/studio/7.0/toolchain/avr8/avr8-gnu-toolchain/bin/../lib/gcc/avr/5.4.0/avrxmega4\libgcc.a(_umulhisi3.o)
                              main.o (__umulhisi3)
c:/program files (x86)/atmel/studio/7.0/toolchain/avr8/avr8-gnu-toolchain/bin/../lib/gcc/avr/5.4.0/avrxmega4\libgcc.a(_muluhisi3.o)
                              main.o (__muluhisi3)
c:/program files (x86)/atmel/studio/7.0/toolchain/avr8/avr8-gnu-toolchain/bin/../lib/gcc/avr/5.4.0/../../../../avr/lib/avrxmega4\libc.a(memcpy.o)
                              main.o (memcpy)
c:/program files (x86)/atmel/studio/7.0/toolchain/avr8/avr8-gnu-toolchain/bin/../lib/gcc/avr/5.4.0/../../../../avr/lib/avrxmega4\libc.a(strcat.o)
                              main.o (strcat)
c:/program files (x86)/atmel/studio/7.0/toolchain/avr8/avr8-gnu-toolchain/bin/../lib/gcc/avr/5.4.0/../../../../avr/lib/avrxmega4\libc.a(strcpy.o)
                              main.o (strcpy)
c:/program files (x86)/atmel/studio/7.0/toolchain/avr8/avr8-gnu-toolchain/bin/../lib/gcc/avr/5.4.0/../../../../avr/lib/avrxmega4\libc.a(ultoa_ncheck.o)
                              main.o (__ultoa_ncheck)
c:/program files (x86)/atmel/studio/7.0/toolchain/avr8/avr8-gnu-toolchain/bin/../lib/gcc/avr/5.4.0/../../../../avr/lib/avrxmega4\libc.a(utoa_ncheck.o)
                              main.o (__utoa_ncheck)
c:/program files (x86)/atmel/studio/7.0/toolchain/avr8/avr8-gnu-toolchain/bin/../lib/gcc/avr/5.4.0/../../../../avr/lib/avrxmega4\libc.a(strrev.o)
                              c:/program files (x86)/atmel/studio/7.0/toolchain/avr8/avr8-gnu-toolchain/bin/../lib/gcc/avr/5.4.0/../../../../avr/lib/avrxmega4\libc.a(ultoa_ncheck.o) (strrev)

Allocating common symbols
Common symbol       size              file

ep_in_buf           0x80              usb_cdc.o
ep0_buf_in          0x40              usb_ep.o
USB_DeviceState     0x1               usb_xm.o
USB_Device_ConfigurationNumber
                    0x1               usb_xm.o
ep_out_buf          0x80              usb_cdc.o
cdc_rxb             0x43              usb_cdc.o
ep0_buf_out         0x40              usb_ep.o
ep_note_buf         0x80              usb_cdc.o
cdc_txb             0x43              usb_cdc.o

Discarded input sections

 .data          0x00000000        0x0 C:/Program Files (x86)/Atmel/Studio/7.0/Packs/atmel/XMEGAA_DFP/1.1.68/gcc/dev/atxmega64a4u/avrxmega4/crtatxmega64a4u.o
 .bss           0x00000000        0x0 C:/Program Files (x86)/Atmel/Studio/7.0/Packs/atmel/XMEGAA_DFP/1.1.68/gcc/dev/atxmega64a4u/avrxmega4/crtatxmega64a4u.o
 .text          0x00000000        0x0 CRC.o
 .data          0x00000000        0x0 CRC.o
 .bss           0x00000000        0x0 CRC.o
 .text          0x00000000        0x0 Descriptors.o
 .data          0x00000000        0x0 Descriptors.o
 .bss           0x00000000        0x0 Descriptors.o
 .text          0x00000000        0x0 FRAM.o
 .data          0x00000000        0x0 FRAM.o
 .bss           0x00000000        0x0 FRAM.o
 .text          0x00000000        0x0 lcd.o
 .data          0x00000000        0x0 lcd.o
 .bss           0x00000000        0x0 lcd.o
 .text          0x00000000        0x0 main.o
 .data          0x00000000        0x0 main.o
 .bss           0x00000000        0x0 main.o
 .text._Z13get_key_stateh
                0x00000000        0x8 main.o
 .text._Z10Clock_Initv
                0x00000000       0x5e main.o
 .text._Z12encode_read1v
                0x00000000        0xe main.o
 .text._Z20LeseKalibrationsbytei
                0x00000000       0x12 main.o
 .text._Z8ADCA_Calv
                0x00000000        0x2 main.o
 .text          0x00000000        0x0 menu.o
 .data          0x00000000        0x0 menu.o
 .bss           0x00000000        0x0 menu.o
 .debug_line    0x00000000        0x0 menu.o
 .debug_str     0x00000000      0x154 menu.o
 .comment       0x00000000       0x31 menu.o
 .text          0x00000000        0x0 twi.o
 .data          0x00000000        0x0 twi.o
 .bss           0x00000000        0x0 twi.o
 .text          0x00000000        0x0 usb_cdc.o
 .data          0x00000000        0x0 usb_cdc.o
 .bss           0x00000000        0x0 usb_cdc.o
 .text          0x00000000        0x0 usb_ep.o
 .bss           0x00000000        0x0 usb_ep.o
 .text          0x00000000        0x0 usb_xm.o
 .data          0x00000000        0x0 usb_xm.o
 .bss           0x00000000        0x0 usb_xm.o
 .text.USB_handleSetAddress
                0x00000000       0x46 usb_xm.o
 .text.USB_Device_GetSerialString
                0x00000000       0x4a usb_xm.o
 .text.USB_Device_GetInternalSerialDescriptor
                0x00000000       0x78 usb_xm.o
 .text.USB_handleSetConfiguration
                0x00000000       0xaa usb_xm.o
 .text.USB_handleGetDescriptor
                0x00000000       0xd2 usb_xm.o
 .text          0x00000000        0x0 c:/program files (x86)/atmel/studio/7.0/toolchain/avr8/avr8-gnu-toolchain/bin/../lib/gcc/avr/5.4.0/avrxmega4\libgcc.a(_udivmodsi4.o)
 .data          0x00000000        0x0 c:/program files (x86)/atmel/studio/7.0/toolchain/avr8/avr8-gnu-toolchain/bin/../lib/gcc/avr/5.4.0/avrxmega4\libgcc.a(_udivmodsi4.o)
 .bss           0x00000000        0x0 c:/program files (x86)/atmel/studio/7.0/toolchain/avr8/avr8-gnu-toolchain/bin/../lib/gcc/avr/5.4.0/avrxmega4\libgcc.a(_udivmodsi4.o)
 .text.libgcc.mul
                0x00000000        0x0 c:/program files (x86)/atmel/studio/7.0/toolchain/avr8/avr8-gnu-toolchain/bin/../lib/gcc/avr/5.4.0/avrxmega4\libgcc.a(_udivmodsi4.o)
 .text.libgcc   0x00000000        0x0 c:/program files (x86)/atmel/studio/7.0/toolchain/avr8/avr8-gnu-toolchain/bin/../lib/gcc/avr/5.4.0/avrxmega4\libgcc.a(_udivmodsi4.o)
 .text.libgcc.prologue
                0x00000000        0x0 c:/program files (x86)/atmel/studio/7.0/toolchain/avr8/avr8-gnu-toolchain/bin/../lib/gcc/avr/5.4.0/avrxmega4\libgcc.a(_udivmodsi4.o)
 .text.libgcc.builtins
                0x00000000        0x0 c:/program files (x86)/atmel/studio/7.0/toolchain/avr8/avr8-gnu-toolchain/bin/../lib/gcc/avr/5.4.0/avrxmega4\libgcc.a(_udivmodsi4.o)
 .text.libgcc.fmul
                0x00000000        0x0 c:/program files (x86)/atmel/studio/7.0/toolchain/avr8/avr8-gnu-toolchain/bin/../lib/gcc/avr/5.4.0/avrxmega4\libgcc.a(_udivmodsi4.o)
 .text.libgcc.fixed
                0x00000000        0x0 c:/program files (x86)/atmel/studio/7.0/toolchain/avr8/avr8-gnu-toolchain/bin/../lib/gcc/avr/5.4.0/avrxmega4\libgcc.a(_udivmodsi4.o)
 .text          0x00000000        0x0 c:/program files (x86)/atmel/studio/7.0/toolchain/avr8/avr8-gnu-toolchain/bin/../lib/gcc/avr/5.4.0/avrxmega4\libgcc.a(_divmodsi4.o)
 .data          0x00000000        0x0 c:/program files (x86)/atmel/studio/7.0/toolchain/avr8/avr8-gnu-toolchain/bin/../lib/gcc/avr/5.4.0/avrxmega4\libgcc.a(_divmodsi4.o)
 .bss           0x00000000        0x0 c:/program files (x86)/atmel/studio/7.0/toolchain/avr8/avr8-gnu-toolchain/bin/../lib/gcc/avr/5.4.0/avrxmega4\libgcc.a(_divmodsi4.o)
 .text.libgcc.mul
                0x00000000        0x0 c:/program files (x86)/atmel/studio/7.0/toolchain/avr8/avr8-gnu-toolchain/bin/../lib/gcc/avr/5.4.0/avrxmega4\libgcc.a(_divmodsi4.o)
 .text.libgcc   0x00000000        0x0 c:/program files (x86)/atmel/studio/7.0/toolchain/avr8/avr8-gnu-toolchain/bin/../lib/gcc/avr/5.4.0/avrxmega4\libgcc.a(_divmodsi4.o)
 .text.libgcc.prologue
                0x00000000        0x0 c:/program files (x86)/atmel/studio/7.0/toolchain/avr8/avr8-gnu-toolchain/bin/../lib/gcc/avr/5.4.0/avrxmega4\libgcc.a(_divmodsi4.o)
 .text.libgcc.builtins
                0x00000000        0x0 c:/program files (x86)/atmel/studio/7.0/toolchain/avr8/avr8-gnu-toolchain/bin/../lib/gcc/avr/5.4.0/avrxmega4\libgcc.a(_divmodsi4.o)
 .text.libgcc.fmul
                0x00000000        0x0 c:/program files (x86)/atmel/studio/7.0/toolchain/avr8/avr8-gnu-toolchain/bin/../lib/gcc/avr/5.4.0/avrxmega4\libgcc.a(_divmodsi4.o)
 .text.libgcc.fixed
                0x00000000        0x0 c:/program files (x86)/atmel/studio/7.0/toolchain/avr8/avr8-gnu-toolchain/bin/../lib/gcc/avr/5.4.0/avrxmega4\libgcc.a(_divmodsi4.o)
 .text          0x00000000        0x0 c:/program files (x86)/atmel/studio/7.0/toolchain/avr8/avr8-gnu-toolchain/bin/../lib/gcc/avr/5.4.0/avrxmega4\libgcc.a(_negsi2.o)
 .data          0x00000000        0x0 c:/program files (x86)/atmel/studio/7.0/toolchain/avr8/avr8-gnu-toolchain/bin/../lib/gcc/avr/5.4.0/avrxmega4\libgcc.a(_negsi2.o)
 .bss           0x00000000        0x0 c:/program files (x86)/atmel/studio/7.0/toolchain/avr8/avr8-gnu-toolchain/bin/../lib/gcc/avr/5.4.0/avrxmega4\libgcc.a(_negsi2.o)
 .text.libgcc.mul
                0x00000000        0x0 c:/program files (x86)/atmel/studio/7.0/toolchain/avr8/avr8-gnu-toolchain/bin/../lib/gcc/avr/5.4.0/avrxmega4\libgcc.a(_negsi2.o)
 .text.libgcc   0x00000000        0x0 c:/program files (x86)/atmel/studio/7.0/toolchain/avr8/avr8-gnu-toolchain/bin/../lib/gcc/avr/5.4.0/avrxmega4\libgcc.a(_negsi2.o)
 .text.libgcc.prologue
                0x00000000        0x0 c:/program files (x86)/atmel/studio/7.0/toolchain/avr8/avr8-gnu-toolchain/bin/../lib/gcc/avr/5.4.0/avrxmega4\libgcc.a(_negsi2.o)
 .text.libgcc.builtins
                0x00000000        0x0 c:/program files (x86)/atmel/studio/7.0/toolchain/avr8/avr8-gnu-toolchain/bin/../lib/gcc/avr/5.4.0/avrxmega4\libgcc.a(_negsi2.o)
 .text.libgcc.fmul
                0x00000000        0x0 c:/program files (x86)/atmel/studio/7.0/toolchain/avr8/avr8-gnu-toolchain/bin/../lib/gcc/avr/5.4.0/avrxmega4\libgcc.a(_negsi2.o)
 .text.libgcc.fixed
                0x00000000        0x0 c:/program files (x86)/atmel/studio/7.0/toolchain/avr8/avr8-gnu-toolchain/bin/../lib/gcc/avr/5.4.0/avrxmega4\libgcc.a(_negsi2.o)
 .text          0x00000000        0x0 c:/program files (x86)/atmel/studio/7.0/toolchain/avr8/avr8-gnu-toolchain/bin/../lib/gcc/avr/5.4.0/avrxmega4\libgcc.a(_exit.o)
 .data          0x00000000        0x0 c:/program files (x86)/atmel/studio/7.0/toolchain/avr8/avr8-gnu-toolchain/bin/../lib/gcc/avr/5.4.0/avrxmega4\libgcc.a(_exit.o)
 .bss           0x00000000        0x0 c:/program files (x86)/atmel/studio/7.0/toolchain/avr8/avr8-gnu-toolchain/bin/../lib/gcc/avr/5.4.0/avrxmega4\libgcc.a(_exit.o)
 .text.libgcc.mul
                0x00000000        0x0 c:/program files (x86)/atmel/studio/7.0/toolchain/avr8/avr8-gnu-toolchain/bin/../lib/gcc/avr/5.4.0/avrxmega4\libgcc.a(_exit.o)
 .text.libgcc.div
                0x00000000        0x0 c:/program files (x86)/atmel/studio/7.0/toolchain/avr8/avr8-gnu-toolchain/bin/../lib/gcc/avr/5.4.0/avrxmega4\libgcc.a(_exit.o)
 .text.libgcc   0x00000000        0x0 c:/program files (x86)/atmel/studio/7.0/toolchain/avr8/avr8-gnu-toolchain/bin/../lib/gcc/avr/5.4.0/avrxmega4\libgcc.a(_exit.o)
 .text.libgcc.prologue
                0x00000000        0x0 c:/program files (x86)/atmel/studio/7.0/toolchain/avr8/avr8-gnu-toolchain/bin/../lib/gcc/avr/5.4.0/avrxmega4\libgcc.a(_exit.o)
 .text.libgcc.builtins
                0x00000000        0x0 c:/program files (x86)/atmel/studio/7.0/toolchain/avr8/avr8-gnu-toolchain/bin/../lib/gcc/avr/5.4.0/avrxmega4\libgcc.a(_exit.o)
 .text.libgcc.fmul
                0x00000000        0x0 c:/program files (x86)/atmel/studio/7.0/toolchain/avr8/avr8-gnu-toolchain/bin/../lib/gcc/avr/5.4.0/avrxmega4\libgcc.a(_exit.o)
 .text.libgcc.fixed
                0x00000000        0x0 c:/program files (x86)/atmel/studio/7.0/toolchain/avr8/avr8-gnu-toolchain/bin/../lib/gcc/avr/5.4.0/avrxmega4\libgcc.a(_exit.o)
 .text          0x00000000        0x0 c:/program files (x86)/atmel/studio/7.0/toolchain/avr8/avr8-gnu-toolchain/bin/../lib/gcc/avr/5.4.0/avrxmega4\libgcc.a(_tablejump2.o)
 .data          0x00000000        0x0 c:/program files (x86)/atmel/studio/7.0/toolchain/avr8/avr8-gnu-toolchain/bin/../lib/gcc/avr/5.4.0/avrxmega4\libgcc.a(_tablejump2.o)
 .bss           0x00000000        0x0 c:/program files (x86)/atmel/studio/7.0/toolchain/avr8/avr8-gnu-toolchain/bin/../lib/gcc/avr/5.4.0/avrxmega4\libgcc.a(_tablejump2.o)
 .text.libgcc.mul
                0x00000000        0x0 c:/program files (x86)/atmel/studio/7.0/toolchain/avr8/avr8-gnu-toolchain/bin/../lib/gcc/avr/5.4.0/avrxmega4\libgcc.a(_tablejump2.o)
 .text.libgcc.div
                0x00000000        0x0 c:/program files (x86)/atmel/studio/7.0/toolchain/avr8/avr8-gnu-toolchain/bin/../lib/gcc/avr/5.4.0/avrxmega4\libgcc.a(_tablejump2.o)
 .text.libgcc.prologue
                0x00000000        0x0 c:/program files (x86)/atmel/studio/7.0/toolchain/avr8/avr8-gnu-toolchain/bin/../lib/gcc/avr/5.4.0/avrxmega4\libgcc.a(_tablejump2.o)
 .text.libgcc.builtins
                0x00000000        0x0 c:/program files (x86)/atmel/studio/7.0/toolchain/avr8/avr8-gnu-toolchain/bin/../lib/gcc/avr/5.4.0/avrxmega4\libgcc.a(_tablejump2.o)
 .text.libgcc.fmul
                0x00000000        0x0 c:/program files (x86)/atmel/studio/7.0/toolchain/avr8/avr8-gnu-toolchain/bin/../lib/gcc/avr/5.4.0/avrxmega4\libgcc.a(_tablejump2.o)
 .text.libgcc.fixed
                0x00000000        0x0 c:/program files (x86)/atmel/studio/7.0/toolchain/avr8/avr8-gnu-toolchain/bin/../lib/gcc/avr/5.4.0/avrxmega4\libgcc.a(_tablejump2.o)
 .text          0x00000000        0x0 c:/program files (x86)/atmel/studio/7.0/toolchain/avr8/avr8-gnu-toolchain/bin/../lib/gcc/avr/5.4.0/avrxmega4\libgcc.a(_copy_data.o)
 .data          0x00000000        0x0 c:/program files (x86)/atmel/studio/7.0/toolchain/avr8/avr8-gnu-toolchain/bin/../lib/gcc/avr/5.4.0/avrxmega4\libgcc.a(_copy_data.o)
 .bss           0x00000000        0x0 c:/program files (x86)/atmel/studio/7.0/toolchain/avr8/avr8-gnu-toolchain/bin/../lib/gcc/avr/5.4.0/avrxmega4\libgcc.a(_copy_data.o)
 .text.libgcc.mul
                0x00000000        0x0 c:/program files (x86)/atmel/studio/7.0/toolchain/avr8/avr8-gnu-toolchain/bin/../lib/gcc/avr/5.4.0/avrxmega4\libgcc.a(_copy_data.o)
 .text.libgcc.div
                0x00000000        0x0 c:/program files (x86)/atmel/studio/7.0/toolchain/avr8/avr8-gnu-toolchain/bin/../lib/gcc/avr/5.4.0/avrxmega4\libgcc.a(_copy_data.o)
 .text.libgcc   0x00000000        0x0 c:/program files (x86)/atmel/studio/7.0/toolchain/avr8/avr8-gnu-toolchain/bin/../lib/gcc/avr/5.4.0/avrxmega4\libgcc.a(_copy_data.o)
 .text.libgcc.prologue
                0x00000000        0x0 c:/program files (x86)/atmel/studio/7.0/toolchain/avr8/avr8-gnu-toolchain/bin/../lib/gcc/avr/5.4.0/avrxmega4\libgcc.a(_copy_data.o)
 .text.libgcc.builtins
                0x00000000        0x0 c:/program files (x86)/atmel/studio/7.0/toolchain/avr8/avr8-gnu-toolchain/bin/../lib/gcc/avr/5.4.0/avrxmega4\libgcc.a(_copy_data.o)
 .text.libgcc.fmul
                0x00000000        0x0 c:/program files (x86)/atmel/studio/7.0/toolchain/avr8/avr8-gnu-toolchain/bin/../lib/gcc/avr/5.4.0/avrxmega4\libgcc.a(_copy_data.o)
 .text.libgcc.fixed
                0x00000000        0x0 c:/program files (x86)/atmel/studio/7.0/toolchain/avr8/avr8-gnu-toolchain/bin/../lib/gcc/avr/5.4.0/avrxmega4\libgcc.a(_copy_data.o)
 .text          0x00000000        0x0 c:/program files (x86)/atmel/studio/7.0/toolchain/avr8/avr8-gnu-toolchain/bin/../lib/gcc/avr/5.4.0/avrxmega4\libgcc.a(_clear_bss.o)
 .data          0x00000000        0x0 c:/program files (x86)/atmel/studio/7.0/toolchain/avr8/avr8-gnu-toolchain/bin/../lib/gcc/avr/5.4.0/avrxmega4\libgcc.a(_clear_bss.o)
 .bss           0x00000000        0x0 c:/program files (x86)/atmel/studio/7.0/toolchain/avr8/avr8-gnu-toolchain/bin/../lib/gcc/avr/5.4.0/avrxmega4\libgcc.a(_clear_bss.o)
 .text.libgcc.mul
                0x00000000        0x0 c:/program files (x86)/atmel/studio/7.0/toolchain/avr8/avr8-gnu-toolchain/bin/../lib/gcc/avr/5.4.0/avrxmega4\libgcc.a(_clear_bss.o)
 .text.libgcc.div
                0x00000000        0x0 c:/program files (x86)/atmel/studio/7.0/toolchain/avr8/avr8-gnu-toolchain/bin/../lib/gcc/avr/5.4.0/avrxmega4\libgcc.a(_clear_bss.o)
 .text.libgcc   0x00000000        0x0 c:/program files (x86)/atmel/studio/7.0/toolchain/avr8/avr8-gnu-toolchain/bin/../lib/gcc/avr/5.4.0/avrxmega4\libgcc.a(_clear_bss.o)
 .text.libgcc.prologue
                0x00000000        0x0 c:/program files (x86)/atmel/studio/7.0/toolchain/avr8/avr8-gnu-toolchain/bin/../lib/gcc/avr/5.4.0/avrxmega4\libgcc.a(_clear_bss.o)
 .text.libgcc.builtins
                0x00000000        0x0 c:/program files (x86)/atmel/studio/7.0/toolchain/avr8/avr8-gnu-toolchain/bin/../lib/gcc/avr/5.4.0/avrxmega4\libgcc.a(_clear_bss.o)
 .text.libgcc.fmul
                0x00000000        0x0 c:/program files (x86)/atmel/studio/7.0/toolchain/avr8/avr8-gnu-toolchain/bin/../lib/gcc/avr/5.4.0/avrxmega4\libgcc.a(_clear_bss.o)
 .text.libgcc.fixed
                0x00000000        0x0 c:/program files (x86)/atmel/studio/7.0/toolchain/avr8/avr8-gnu-toolchain/bin/../lib/gcc/avr/5.4.0/avrxmega4\libgcc.a(_clear_bss.o)
 .text          0x00000000        0x0 c:/program files (x86)/atmel/studio/7.0/toolchain/avr8/avr8-gnu-toolchain/bin/../lib/gcc/avr/5.4.0/avrxmega4\libgcc.a(_umulhisi3.o)
 .data          0x00000000        0x0 c:/program files (x86)/atmel/studio/7.0/toolchain/avr8/avr8-gnu-toolchain/bin/../lib/gcc/avr/5.4.0/avrxmega4\libgcc.a(_umulhisi3.o)
 .bss           0x00000000        0x0 c:/program files (x86)/atmel/studio/7.0/toolchain/avr8/avr8-gnu-toolchain/bin/../lib/gcc/avr/5.4.0/avrxmega4\libgcc.a(_umulhisi3.o)
 .text.libgcc.div
                0x00000000        0x0 c:/program files (x86)/atmel/studio/7.0/toolchain/avr8/avr8-gnu-toolchain/bin/../lib/gcc/avr/5.4.0/avrxmega4\libgcc.a(_umulhisi3.o)
 .text.libgcc   0x00000000        0x0 c:/program files (x86)/atmel/studio/7.0/toolchain/avr8/avr8-gnu-toolchain/bin/../lib/gcc/avr/5.4.0/avrxmega4\libgcc.a(_umulhisi3.o)
 .text.libgcc.prologue
                0x00000000        0x0 c:/program files (x86)/atmel/studio/7.0/toolchain/avr8/avr8-gnu-toolchain/bin/../lib/gcc/avr/5.4.0/avrxmega4\libgcc.a(_umulhisi3.o)
 .text.libgcc.builtins
                0x00000000        0x0 c:/program files (x86)/atmel/studio/7.0/toolchain/avr8/avr8-gnu-toolchain/bin/../lib/gcc/avr/5.4.0/avrxmega4\libgcc.a(_umulhisi3.o)
 .text.libgcc.fmul
                0x00000000        0x0 c:/program files (x86)/atmel/studio/7.0/toolchain/avr8/avr8-gnu-toolchain/bin/../lib/gcc/avr/5.4.0/avrxmega4\libgcc.a(_umulhisi3.o)
 .text.libgcc.fixed
                0x00000000        0x0 c:/program files (x86)/atmel/studio/7.0/toolchain/avr8/avr8-gnu-toolchain/bin/../lib/gcc/avr/5.4.0/avrxmega4\libgcc.a(_umulhisi3.o)
 .text          0x00000000        0x0 c:/program files (x86)/atmel/studio/7.0/toolchain/avr8/avr8-gnu-toolchain/bin/../lib/gcc/avr/5.4.0/avrxmega4\libgcc.a(_muluhisi3.o)
 .data          0x00000000        0x0 c:/program files (x86)/atmel/studio/7.0/toolchain/avr8/avr8-gnu-toolchain/bin/../lib/gcc/avr/5.4.0/avrxmega4\libgcc.a(_muluhisi3.o)
 .bss           0x00000000        0x0 c:/program files (x86)/atmel/studio/7.0/toolchain/avr8/avr8-gnu-toolchain/bin/../lib/gcc/avr/5.4.0/avrxmega4\libgcc.a(_muluhisi3.o)
 .text.libgcc.div
                0x00000000        0x0 c:/program files (x86)/atmel/studio/7.0/toolchain/avr8/avr8-gnu-toolchain/bin/../lib/gcc/avr/5.4.0/avrxmega4\libgcc.a(_muluhisi3.o)
 .text.libgcc   0x00000000        0x0 c:/program files (x86)/atmel/studio/7.0/toolchain/avr8/avr8-gnu-toolchain/bin/../lib/gcc/avr/5.4.0/avrxmega4\libgcc.a(_muluhisi3.o)
 .text.libgcc.prologue
                0x00000000        0x0 c:/program files (x86)/atmel/studio/7.0/toolchain/avr8/avr8-gnu-toolchain/bin/../lib/gcc/avr/5.4.0/avrxmega4\libgcc.a(_muluhisi3.o)
 .text.libgcc.builtins
                0x00000000        0x0 c:/program files (x86)/atmel/studio/7.0/toolchain/avr8/avr8-gnu-toolchain/bin/../lib/gcc/avr/5.4.0/avrxmega4\libgcc.a(_muluhisi3.o)
 .text.libgcc.fmul
                0x00000000        0x0 c:/program files (x86)/atmel/studio/7.0/toolchain/avr8/avr8-gnu-toolchain/bin/../lib/gcc/avr/5.4.0/avrxmega4\libgcc.a(_muluhisi3.o)
 .text.libgcc.fixed
                0x00000000        0x0 c:/program files (x86)/atmel/studio/7.0/toolchain/avr8/avr8-gnu-toolchain/bin/../lib/gcc/avr/5.4.0/avrxmega4\libgcc.a(_muluhisi3.o)
 .text          0x00000000        0x0 c:/program files (x86)/atmel/studio/7.0/toolchain/avr8/avr8-gnu-toolchain/bin/../lib/gcc/avr/5.4.0/../../../../avr/lib/avrxmega4\libc.a(memcpy.o)
 .data          0x00000000        0x0 c:/program files (x86)/atmel/studio/7.0/toolchain/avr8/avr8-gnu-toolchain/bin/../lib/gcc/avr/5.4.0/../../../../avr/lib/avrxmega4\libc.a(memcpy.o)
 .bss           0x00000000        0x0 c:/program files (x86)/atmel/studio/7.0/toolchain/avr8/avr8-gnu-toolchain/bin/../lib/gcc/avr/5.4.0/../../../../avr/lib/avrxmega4\libc.a(memcpy.o)
 .text          0x00000000        0x0 c:/program files (x86)/atmel/studio/7.0/toolchain/avr8/avr8-gnu-toolchain/bin/../lib/gcc/avr/5.4.0/../../../../avr/lib/avrxmega4\libc.a(strcat.o)
 .data          0x00000000        0x0 c:/program files (x86)/atmel/studio/7.0/toolchain/avr8/avr8-gnu-toolchain/bin/../lib/gcc/avr/5.4.0/../../../../avr/lib/avrxmega4\libc.a(strcat.o)
 .bss           0x00000000        0x0 c:/program files (x86)/atmel/studio/7.0/toolchain/avr8/avr8-gnu-toolchain/bin/../lib/gcc/avr/5.4.0/../../../../avr/lib/avrxmega4\libc.a(strcat.o)
 .text          0x00000000        0x0 c:/program files (x86)/atmel/studio/7.0/toolchain/avr8/avr8-gnu-toolchain/bin/../lib/gcc/avr/5.4.0/../../../../avr/lib/avrxmega4\libc.a(strcpy.o)
 .data          0x00000000        0x0 c:/program files (x86)/atmel/studio/7.0/toolchain/avr8/avr8-gnu-toolchain/bin/../lib/gcc/avr/5.4.0/../../../../avr/lib/avrxmega4\libc.a(strcpy.o)
 .bss           0x00000000        0x0 c:/program files (x86)/atmel/studio/7.0/toolchain/avr8/avr8-gnu-toolchain/bin/../lib/gcc/avr/5.4.0/../../../../avr/lib/avrxmega4\libc.a(strcpy.o)
 .text          0x00000000        0x0 c:/program files (x86)/atmel/studio/7.0/toolchain/avr8/avr8-gnu-toolchain/bin/../lib/gcc/avr/5.4.0/../../../../avr/lib/avrxmega4\libc.a(ultoa_ncheck.o)
 .data          0x00000000        0x0 c:/program files (x86)/atmel/studio/7.0/toolchain/avr8/avr8-gnu-toolchain/bin/../lib/gcc/avr/5.4.0/../../../../avr/lib/avrxmega4\libc.a(ultoa_ncheck.o)
 .bss           0x00000000        0x0 c:/program files (x86)/atmel/studio/7.0/toolchain/avr8/avr8-gnu-toolchain/bin/../lib/gcc/avr/5.4.0/../../../../avr/lib/avrxmega4\libc.a(ultoa_ncheck.o)
 .text          0x00000000        0x0 c:/program files (x86)/atmel/studio/7.0/toolchain/avr8/avr8-gnu-toolchain/bin/../lib/gcc/avr/5.4.0/../../../../avr/lib/avrxmega4\libc.a(utoa_ncheck.o)
 .data          0x00000000        0x0 c:/program files (x86)/atmel/studio/7.0/toolchain/avr8/avr8-gnu-toolchain/bin/../lib/gcc/avr/5.4.0/../../../../avr/lib/avrxmega4\libc.a(utoa_ncheck.o)
 .bss           0x00000000        0x0 c:/program files (x86)/atmel/studio/7.0/toolchain/avr8/avr8-gnu-toolchain/bin/../lib/gcc/avr/5.4.0/../../../../avr/lib/avrxmega4\libc.a(utoa_ncheck.o)
 .text          0x00000000        0x0 c:/program files (x86)/atmel/studio/7.0/toolchain/avr8/avr8-gnu-toolchain/bin/../lib/gcc/avr/5.4.0/../../../../avr/lib/avrxmega4\libc.a(strrev.o)
 .data          0x00000000        0x0 c:/program files (x86)/atmel/studio/7.0/toolchain/avr8/avr8-gnu-toolchain/bin/../lib/gcc/avr/5.4.0/../../../../avr/lib/avrxmega4\libc.a(strrev.o)
 .bss           0x00000000        0x0 c:/program files (x86)/atmel/studio/7.0/toolchain/avr8/avr8-gnu-toolchain/bin/../lib/gcc/avr/5.4.0/../../../../avr/lib/avrxmega4\libc.a(strrev.o)

Memory Configuration

Name             Origin             Length             Attributes
text             0x00000000         0x00100000         xr
data             0x00802000         0x0000ffa0         rw !x
eeprom           0x00810000         0x00010000         rw !x
fuse             0x00820000         0x00000006         rw !x
lock             0x00830000         0x00000400         rw !x
signature        0x00840000         0x00000400         rw !x
user_signatures  0x00850000         0x00000400         rw !x
*default*        0x00000000         0xffffffff

Linker script and memory map

LOAD C:/Program Files (x86)/Atmel/Studio/7.0/Packs/atmel/XMEGAA_DFP/1.1.68/gcc/dev/atxmega64a4u/avrxmega4/crtatxmega64a4u.o
LOAD CRC.o
LOAD Descriptors.o
LOAD FRAM.o
LOAD lcd.o
LOAD main.o
LOAD menu.o
LOAD twi.o
LOAD usb_cdc.o
LOAD usb_ep.o
LOAD usb_xm.o
START GROUP
LOAD c:/program files (x86)/atmel/studio/7.0/toolchain/avr8/avr8-gnu-toolchain/bin/../lib/gcc/avr/5.4.0/../../../../avr/lib/avrxmega4\libm.a
END GROUP
LOAD c:/program files (x86)/atmel/studio/7.0/toolchain/avr8/avr8-gnu-toolchain/bin/../lib/gcc/avr/5.4.0/avrxmega4\libgcc.a
LOAD c:/program files (x86)/atmel/studio/7.0/toolchain/avr8/avr8-gnu-toolchain/bin/../lib/gcc/avr/5.4.0/../../../../avr/lib/avrxmega4\libm.a
START GROUP
LOAD c:/program files (x86)/atmel/studio/7.0/toolchain/avr8/avr8-gnu-toolchain/bin/../lib/gcc/avr/5.4.0/avrxmega4\libgcc.a
LOAD c:/program files (x86)/atmel/studio/7.0/toolchain/avr8/avr8-gnu-toolchain/bin/../lib/gcc/avr/5.4.0/../../../../avr/lib/avrxmega4\libm.a
LOAD c:/program files (x86)/atmel/studio/7.0/toolchain/avr8/avr8-gnu-toolchain/bin/../lib/gcc/avr/5.4.0/../../../../avr/lib/avrxmega4\libc.a
LOAD C:/Program Files (x86)/Atmel/Studio/7.0/Packs/atmel/XMEGAA_DFP/1.1.68/gcc/dev/atxmega64a4u/avrxmega4\libatxmega64a4u.a
END GROUP
                0x00100000                __TEXT_REGION_LENGTH__ = DEFINED (__TEXT_REGION_LENGTH__)?__TEXT_REGION_LENGTH__:0x100000
                0x0000ffa0                __DATA_REGION_LENGTH__ = DEFINED (__DATA_REGION_LENGTH__)?__DATA_REGION_LENGTH__:0xffa0
                0x00010000                __EEPROM_REGION_LENGTH__ = DEFINED (__EEPROM_REGION_LENGTH__)?__EEPROM_REGION_LENGTH__:0x10000
                [0x00000006]                __FUSE_REGION_LENGTH__ = DEFINED (__FUSE_REGION_LENGTH__)?__FUSE_REGION_LENGTH__:0x400
                0x00000400                __LOCK_REGION_LENGTH__ = DEFINED (__LOCK_REGION_LENGTH__)?__LOCK_REGION_LENGTH__:0x400
                0x00000400                __SIGNATURE_REGION_LENGTH__ = DEFINED (__SIGNATURE_REGION_LENGTH__)?__SIGNATURE_REGION_LENGTH__:0x400
                0x00000400                __USER_SIGNATURE_REGION_LENGTH__ = DEFINED (__USER_SIGNATURE_REGION_LENGTH__)?__USER_SIGNATURE_REGION_LENGTH__:0x400

.hash
 *(.hash)

.dynsym
 *(.dynsym)

.dynstr
 *(.dynstr)

.gnu.version
 *(.gnu.version)

.gnu.version_d
 *(.gnu.version_d)

.gnu.version_r
 *(.gnu.version_r)

.rel.init
 *(.rel.init)

.rela.init
 *(.rela.init)

.rel.text
 *(.rel.text)
 *(.rel.text.*)
 *(.rel.gnu.linkonce.t*)

.rela.text
 *(.rela.text)
 *(.rela.text.*)
 *(.rela.gnu.linkonce.t*)

.rel.fini
 *(.rel.fini)

.rela.fini
 *(.rela.fini)

.rel.rodata
 *(.rel.rodata)
 *(.rel.rodata.*)
 *(.rel.gnu.linkonce.r*)

.rela.rodata
 *(.rela.rodata)
 *(.rela.rodata.*)
 *(.rela.gnu.linkonce.r*)

.rel.data
 *(.rel.data)
 *(.rel.data.*)
 *(.rel.gnu.linkonce.d*)

.rela.data
 *(.rela.data)
 *(.rela.data.*)
 *(.rela.gnu.linkonce.d*)

.rel.ctors
 *(.rel.ctors)

.rela.ctors
 *(.rela.ctors)

.rel.dtors
 *(.rel.dtors)

.rela.dtors
 *(.rela.dtors)

.rel.got
 *(.rel.got)

.rela.got
 *(.rela.got)

.rel.bss
 *(.rel.bss)

.rela.bss
 *(.rela.bss)

.rel.plt
 *(.rel.plt)

.rela.plt
 *(.rela.plt)

.text           0x00000000     0x630a
 *(.vectors)
 .vectors       0x00000000      0x1fc C:/Program Files (x86)/Atmel/Studio/7.0/Packs/atmel/XMEGAA_DFP/1.1.68/gcc/dev/atxmega64a4u/avrxmega4/crtatxmega64a4u.o
                0x00000000                __vector_default
                0x00000000                __vectors
 *(.vectors)
 *(.progmem.gcc*)
 .progmem.gcc_sw_table._Z8lcd_putcc
                0x000001fc       0x72 lcd.o
 .progmem.gcc_sw_table._Z15lcd_putc_invertc
                0x0000026e       0x72 lcd.o
 .progmem.gcc_sw_table._Z19change_profile_menuPhP13Speed_profilePcS_S_Pb
                0x000002e0       0xc6 main.o
 .progmem.gcc_sw_table._Z12display_menuPhPcP13Speed_profileS_bPb
                0x000003a6       0xc6 main.o
 .progmem.gcc_sw_table.USB_HandleSetup
                0x0000046c       0x18 usb_xm.o
                0x00000484                . = ALIGN (0x2)
                0x00000484                __trampolines_start = .
 *(.trampolines)
 .trampolines   0x00000484        0x0 linker stubs
 *(.trampolines*)
                0x00000484                __trampolines_end = .
 *libprintf_flt.a:*(.progmem.data)
 *libc.a:*(.progmem.data)
 *(.progmem*)
 .progmem.data.ProductString
                0x00000484       0x20 Descriptors.o
                0x00000484                ProductString
 .progmem.data.ManufacturerString
                0x000004a4       0x10 Descriptors.o
                0x000004a4                ManufacturerString
 .progmem.data.LanguageString
                0x000004b4        0x4 Descriptors.o
                0x000004b4                LanguageString
 .progmem.data.ConfigurationDescriptor
                0x000004b8       0x3e Descriptors.o
                0x000004b8                ConfigurationDescriptor
 .progmem.data.DeviceDescriptor
                0x000004f6       0x12 Descriptors.o
                0x000004f6                DeviceDescriptor
 .progmem.data._ZL19ssd1306oled_font6x8
                0x00000508      0x26a lcd.o
                0x00000772                . = ALIGN (0x2)
 *(.jumptables)
 *(.jumptables*)
 *(.lowtext)
 *(.lowtext*)
                0x00000772                __ctors_start = .
 *(.ctors)
                0x00000772                __ctors_end = .
                0x00000772                __dtors_start = .
 *(.dtors)
                0x00000772                __dtors_end = .
 SORT(*)(.ctors)
 SORT(*)(.dtors)
 *(.init0)
 .init0         0x00000772        0x0 C:/Program Files (x86)/Atmel/Studio/7.0/Packs/atmel/XMEGAA_DFP/1.1.68/gcc/dev/atxmega64a4u/avrxmega4/crtatxmega64a4u.o
                0x00000772                __init
 *(.init0)
 *(.init1)
 *(.init1)
 *(.init2)
 .init2         0x00000772        0xc C:/Program Files (x86)/Atmel/Studio/7.0/Packs/atmel/XMEGAA_DFP/1.1.68/gcc/dev/atxmega64a4u/avrxmega4/crtatxmega64a4u.o
 *(.init2)
 *(.init3)
 *(.init3)
 *(.init4)
 .init4         0x0000077e       0x1a c:/program files (x86)/atmel/studio/7.0/toolchain/avr8/avr8-gnu-toolchain/bin/../lib/gcc/avr/5.4.0/avrxmega4\libgcc.a(_copy_data.o)
                0x0000077e                __do_copy_data
 .init4         0x00000798       0x10 c:/program files (x86)/atmel/studio/7.0/toolchain/avr8/avr8-gnu-toolchain/bin/../lib/gcc/avr/5.4.0/avrxmega4\libgcc.a(_clear_bss.o)
                0x00000798                __do_clear_bss
 *(.init4)
 *(.init5)
 *(.init5)
 *(.init6)
 *(.init6)
 *(.init7)
 *(.init7)
 *(.init8)
 *(.init8)
 *(.init9)
 .init9         0x000007a8        0x8 C:/Program Files (x86)/Atmel/Studio/7.0/Packs/atmel/XMEGAA_DFP/1.1.68/gcc/dev/atxmega64a4u/avrxmega4/crtatxmega64a4u.o
 *(.init9)
 *(.text)
 .text          0x000007b0        0x4 C:/Program Files (x86)/Atmel/Studio/7.0/Packs/atmel/XMEGAA_DFP/1.1.68/gcc/dev/atxmega64a4u/avrxmega4/crtatxmega64a4u.o
                0x000007b0                __vector_38
                0x000007b0                __vector_104
                0x000007b0                __vector_63
                0x000007b0                __vector_28
                0x000007b0                __vector_67
                0x000007b0                __vector_1
                0x000007b0                __vector_119
                0x000007b0                __vector_32
                0x000007b0                __vector_75
                0x000007b0                __vector_71
                0x000007b0                __vector_91
                0x000007b0                __vector_34
                0x000007b0                __vector_62
                0x000007b0                __vector_77
                0x000007b0                __vector_102
                0x000007b0                __vector_24
                0x000007b0                __vector_12
                0x000007b0                __vector_55
                0x000007b0                __vector_69
                0x000007b0                __vector_81
                0x000007b0                __vector_90
                0x000007b0                __vector_46
                0x000007b0                __bad_interrupt
                0x000007b0                __vector_122
                0x000007b0                __vector_72
                0x000007b0                __vector_114
                0x000007b0                __vector_6
                0x000007b0                __vector_110
                0x000007b0                __vector_31
                0x000007b0                __vector_92
                0x000007b0                __vector_35
                0x000007b0                __vector_78
                0x000007b0                __vector_74
                0x000007b0                __vector_117
                0x000007b0                __vector_39
                0x000007b0                __vector_107
                0x000007b0                __vector_3
                0x000007b0                __vector_105
                0x000007b0                __vector_98
                0x000007b0                __vector_23
                0x000007b0                __vector_68
                0x000007b0                __vector_30
                0x000007b0                __vector_73
                0x000007b0                __vector_45
                0x000007b0                __vector_25
                0x000007b0                __vector_93
                0x000007b0                __vector_61
                0x000007b0                __vector_11
                0x000007b0                __vector_54
                0x000007b0                __vector_99
                0x000007b0                __vector_13
                0x000007b0                __vector_17
                0x000007b0                __vector_19
                0x000007b0                __vector_56
                0x000007b0                __vector_7
                0x000007b0                __vector_49
                0x000007b0                __vector_123
                0x000007b0                __vector_41
                0x000007b0                __vector_86
                0x000007b0                __vector_100
                0x000007b0                __vector_101
                0x000007b0                __vector_64
                0x000007b0                __vector_88
                0x000007b0                __vector_109
                0x000007b0                __vector_43
                0x000007b0                __vector_27
                0x000007b0                __vector_5
                0x000007b0                __vector_113
                0x000007b0                __vector_33
                0x000007b0                __vector_76
                0x000007b0                __vector_115
                0x000007b0                __vector_52
                0x000007b0                __vector_37
                0x000007b0                __vector_95
                0x000007b0                __vector_103
                0x000007b0                __vector_96
                0x000007b0                __vector_89
                0x000007b0                __vector_108
                0x000007b0                __vector_4
                0x000007b0                __vector_44
                0x000007b0                __vector_82
                0x000007b0                __vector_106
                0x000007b0                __vector_118
                0x000007b0                __vector_51
                0x000007b0                __vector_9
                0x000007b0                __vector_2
                0x000007b0                __vector_21
                0x000007b0                __vector_15
                0x000007b0                __vector_66
                0x000007b0                __vector_36
                0x000007b0                __vector_79
                0x000007b0                __vector_58
                0x000007b0                __vector_70
                0x000007b0                __vector_29
                0x000007b0                __vector_60
                0x000007b0                __vector_121
                0x000007b0                __vector_40
                0x000007b0                __vector_94
                0x000007b0                __vector_8
                0x000007b0                __vector_26
                0x000007b0                __vector_48
                0x000007b0                __vector_124
                0x000007b0                __vector_116
                0x000007b0                __vector_112
                0x000007b0                __vector_111
                0x000007b0                __vector_80
                0x000007b0                __vector_14
                0x000007b0                __vector_84
                0x000007b0                __vector_57
                0x000007b0                __vector_53
                0x000007b0                __vector_50
                0x000007b0                __vector_16
                0x000007b0                __vector_59
                0x000007b0                __vector_18
                0x000007b0                __vector_97
                0x000007b0                __vector_42
                0x000007b0                __vector_87
                0x000007b0                __vector_65
                0x000007b0                __vector_120
                0x000007b4                . = ALIGN (0x2)
 *(.text.*)
 .text._Z24calculate_crc32_checksumPhh
                0x000007b4       0x84 CRC.o
                0x000007b4                _Z24calculate_crc32_checksumPhh
 .text.CALLBACK_USB_GetDescriptor
                0x00000838       0x78 Descriptors.o
                0x00000838                CALLBACK_USB_GetDescriptor
 .text._Z12read_profileP13Speed_profileh
                0x000008b0       0x22 FRAM.o
                0x000008b0                _Z12read_profileP13Speed_profileh
 .text._Z13write_profileP13Speed_profileh
                0x000008d2       0x2e FRAM.o
                0x000008d2                _Z13write_profileP13Speed_profileh
 .text._Z10PCA_configv
                0x00000900       0x48 lcd.o
                0x00000900                _Z10PCA_configv
 .text._Z9lcd_resetv
                0x00000948       0x6e lcd.o
                0x00000948                _Z9lcd_resetv
 .text._Z10lcd_gotoxyhh
                0x000009b6       0x5c lcd.o
                0x000009b6                _Z10lcd_gotoxyhh
 .text._Z8lcd_homev
                0x00000a12        0xa lcd.o
                0x00000a12                _Z8lcd_homev
 .text._Z10lcd_clrscrv
                0x00000a1c       0x56 lcd.o
                0x00000a1c                _Z10lcd_clrscrv
 .text._Z8lcd_inith
                0x00000a72      0x22c lcd.o
                0x00000a72                _Z8lcd_inith
 .text._Z8lcd_putcc
                0x00000c9e      0x256 lcd.o
                0x00000c9e                _Z8lcd_putcc
 .text._Z15lcd_putc_invertc
                0x00000ef4      0x258 lcd.o
                0x00000ef4                _Z15lcd_putc_invertc
 .text._Z8lcd_putsPKc
                0x0000114c       0x1e lcd.o
                0x0000114c                _Z8lcd_putsPKc
 .text._Z15lcd_puts_invertPKc
                0x0000116a       0x1e lcd.o
                0x0000116a                _Z15lcd_puts_invertPKc
 .text._Z19lcd_puts_invert_posPKchh
                0x00001188       0x56 lcd.o
                0x00001188                _Z19lcd_puts_invert_posPKchh
 .text.__vector_10
                0x000011de       0x68 main.o
                0x000011de                __vector_10
 .text.__vector_47
                0x00001246      0x102 main.o
                0x00001246                __vector_47
 .text._Z13get_key_pressh
                0x00001348       0x16 main.o
                0x00001348                _Z13get_key_pressh
 .text._Z11get_key_rpth
                0x0000135e       0x16 main.o
                0x0000135e                _Z11get_key_rpth
 .text._Z13get_key_shorth
                0x00001374       0x10 main.o
                0x00001374                _Z13get_key_shorth
 .text._Z12get_key_longh
                0x00001384        0xa main.o
                0x00001384                _Z12get_key_longh
 .text._Z8twi_initP10TWI_struct
                0x0000138e       0x22 main.o
                0x0000138e                _Z8twi_initP10TWI_struct
 .text._Z9AddTotAvgPjPhj
                0x000013b0       0x1e main.o
                0x000013b0                _Z9AddTotAvgPjPhj
 .text.__vector_22
                0x000013ce       0x72 main.o
                0x000013ce                __vector_22
 .text.__vector_20
                0x00001440       0x5c main.o
                0x00001440                __vector_20
 .text.__vector_85
                0x0000149c       0x72 main.o
                0x0000149c                __vector_85
 .text.__vector_83
                0x0000150e       0x5c main.o
                0x0000150e                __vector_83
 .text._Z14GetOutputValuePj
                0x0000156a       0x44 main.o
                0x0000156a                _Z14GetOutputValuePj
 .text._Z9regulatorv
                0x000015ae      0x574 main.o
                0x000015ae                _Z9regulatorv
 .text._Z9Blink_LEDP11PORT_structhhh
                0x00001b22       0x56 main.o
                0x00001b22                _Z9Blink_LEDP11PORT_structhhh
 .text._Z8RTC_Initv
                0x00001b78       0x44 main.o
                0x00001b78                _Z8RTC_Initv
 .text._Z16Config32MHzClockv
                0x00001bbc       0x78 main.o
                0x00001bbc                _Z16Config32MHzClockv
 .text._Z10Timer_initv
                0x00001c34       0x90 main.o
                0x00001c34                _Z10Timer_initv
 .text._Z11encode_initv
                0x00001cc4       0x24 main.o
                0x00001cc4                _Z11encode_initv
 .text._Z12encode_read2v
                0x00001ce8       0x14 main.o
                0x00001ce8                _Z12encode_read2v
 .text._Z18update_proile_timePmim
                0x00001cfc       0x78 main.o
                0x00001cfc                _Z18update_proile_timePmim
 .text._Z12display_timePVmS0_hhbb
                0x00001d74      0x20a main.o
                0x00001d74                _Z12display_timePVmS0_hhbb
 .text._Z17display_time_menuPVmbhh
                0x00001f7e      0x1ce main.o
                0x00001f7e                _Z17display_time_menuPVmbhh
 .text._Z9ADCA_initv
                0x0000214c       0x1c main.o
                0x0000214c                _Z9ADCA_initv
 .text._Z15ADCA_ConversionP13ADC_CH_structc
                0x00002168       0x48 main.o
                0x00002168                _Z15ADCA_ConversionP13ADC_CH_structc
 .text._Z12calc_voltagej
                0x000021b0       0x3e main.o
                0x000021b0                _Z12calc_voltagej
 .text._Z14init_profile_av
                0x000021ee       0x96 main.o
                0x000021ee                _Z14init_profile_av
 .text._Z14init_profile_bv
                0x00002284       0x96 main.o
                0x00002284                _Z14init_profile_bv
 .text._Z16init_profile_modv
                0x0000231a       0x9a main.o
                0x0000231a                _Z16init_profile_modv
 .text._Z19change_profile_menuPhP13Speed_profilePcS_S_Pb
                0x000023b4      0x866 main.o
                0x000023b4                _Z19change_profile_menuPhP13Speed_profilePcS_S_Pb
 .text._Z12display_menuPhPcP13Speed_profileS_bPb
                0x00002c1a      0x868 main.o
                0x00002c1a                _Z12display_menuPhPcP13Speed_profileS_bPb
 .text.main     0x00003482     0x1e9c main.o
                0x00003482                main
 .text._Z9twi_writeP10TWI_structPhhjhbbb
                0x0000531e       0xdc twi.o
                0x0000531e                _Z9twi_writeP10TWI_structPhhjhbbb
 .text._Z8twi_readP10TWI_structPhhjhb
                0x000053fa       0xd2 twi.o
                0x000053fa                _Z8twi_readP10TWI_structPhhjhb
 .text.usb_handle_ring_note
                0x000054cc       0x60 usb_cdc.o
                0x000054cc                usb_handle_ring_note
 .text.usb_handle_ring_rx
                0x0000552c       0x34 usb_cdc.o
                0x0000552c                usb_handle_ring_rx
 .text.usb_handle_ring_tx
                0x00005560       0x34 usb_cdc.o
                0x00005560                usb_handle_ring_tx
 .text.usb_init
                0x00005594       0x4a usb_cdc.o
                0x00005594                usb_init
 .text.EVENT_USB_Device_SetInterface
                0x000055de        0x4 usb_cdc.o
                0x000055de                EVENT_USB_Device_SetInterface
 .text.EVENT_USB_Device_ConfigurationChanged
                0x000055e2       0x1a usb_cdc.o
                0x000055e2                EVENT_USB_Device_ConfigurationChanged
 .text.EVENT_USB_Device_Suspend
                0x000055fc        0x2 usb_cdc.o
                0x000055fc                EVENT_USB_Device_Suspend
 .text.EVENT_USB_Device_WakeUp
                0x000055fe        0x2 usb_cdc.o
                0x000055fe                EVENT_USB_Device_WakeUp
 .text.EVENT_USB_Device_Reset
                0x00005600        0x2 usb_cdc.o
                0x00005600                EVENT_USB_Device_Reset
 .text.EVENT_USB_Device_ControlOUT
                0x00005602       0x1e usb_cdc.o
                0x00005602                EVENT_USB_Device_ControlOUT
 .text.EVENT_USB_Device_ControlRequest
                0x00005620       0xdc usb_cdc.o
                0x00005620                EVENT_USB_Device_ControlRequest
 .text.ep_def_init_buffer
                0x000056fc       0x88 usb_ep.o
                0x000056fc                ep_def_init_buffer
 .text.ep_def_init
                0x00005784      0x24a usb_ep.o
                0x00005784                ep_def_init
 .text.ep_def_in
                0x000059ce      0x186 usb_ep.o
                0x000059ce                ep_def_in
 .text.ep_def_out
                0x00005b54      0x184 usb_ep.o
                0x00005b54                ep_def_out
 .text.USB_ResetInterface
                0x00005cd8       0x4a usb_xm.o
                0x00005cd8                USB_ResetInterface
 .text.USB_xm_Init
                0x00005d22       0x38 usb_xm.o
                0x00005d22                USB_xm_Init
 .text.USB_ep0_send_progmem
                0x00005d5a       0x42 usb_xm.o
                0x00005d5a                USB_ep0_send_progmem
 .text.USB_HandleSetup
                0x00005d9c      0x262 usb_xm.o
                0x00005d9c                USB_HandleSetup
 .text.USB_Evt_Task
                0x00005ffe       0x18 usb_xm.o
                0x00005ffe                USB_Evt_Task
 .text.__vector_125
                0x00006016       0xb4 usb_xm.o
                0x00006016                __vector_125
 .text.USB_Task
                0x000060ca       0x4c usb_xm.o
                0x000060ca                USB_Task
 .text.__vector_126
                0x00006116       0x5a usb_xm.o
                0x00006116                __vector_126
 .text.libgcc.div
                0x00006170       0x44 c:/program files (x86)/atmel/studio/7.0/toolchain/avr8/avr8-gnu-toolchain/bin/../lib/gcc/avr/5.4.0/avrxmega4\libgcc.a(_udivmodsi4.o)
                0x00006170                __udivmodsi4
 .text.libgcc.div
                0x000061b4       0x2e c:/program files (x86)/atmel/studio/7.0/toolchain/avr8/avr8-gnu-toolchain/bin/../lib/gcc/avr/5.4.0/avrxmega4\libgcc.a(_divmodsi4.o)
                0x000061b4                __divmodsi4
 .text.libgcc.div
                0x000061e2       0x10 c:/program files (x86)/atmel/studio/7.0/toolchain/avr8/avr8-gnu-toolchain/bin/../lib/gcc/avr/5.4.0/avrxmega4\libgcc.a(_negsi2.o)
                0x000061e2                __negsi2
 .text.libgcc   0x000061f2       0x12 c:/program files (x86)/atmel/studio/7.0/toolchain/avr8/avr8-gnu-toolchain/bin/../lib/gcc/avr/5.4.0/avrxmega4\libgcc.a(_tablejump2.o)
                0x000061f2                __tablejump2__
 .text.libgcc.mul
                0x00006204       0x1e c:/program files (x86)/atmel/studio/7.0/toolchain/avr8/avr8-gnu-toolchain/bin/../lib/gcc/avr/5.4.0/avrxmega4\libgcc.a(_umulhisi3.o)
                0x00006204                __umulhisi3
 .text.libgcc.mul
                0x00006222       0x16 c:/program files (x86)/atmel/studio/7.0/toolchain/avr8/avr8-gnu-toolchain/bin/../lib/gcc/avr/5.4.0/avrxmega4\libgcc.a(_muluhisi3.o)
                0x00006222                __muluhisi3
 .text.avr-libc
                0x00006238       0x12 c:/program files (x86)/atmel/studio/7.0/toolchain/avr8/avr8-gnu-toolchain/bin/../lib/gcc/avr/5.4.0/../../../../avr/lib/avrxmega4\libc.a(memcpy.o)
                0x00006238                memcpy
 .text.avr-libc
                0x0000624a       0x16 c:/program files (x86)/atmel/studio/7.0/toolchain/avr8/avr8-gnu-toolchain/bin/../lib/gcc/avr/5.4.0/../../../../avr/lib/avrxmega4\libc.a(strcat.o)
                0x0000624a                strcat
 .text.avr-libc
                0x00006260        0xe c:/program files (x86)/atmel/studio/7.0/toolchain/avr8/avr8-gnu-toolchain/bin/../lib/gcc/avr/5.4.0/../../../../avr/lib/avrxmega4\libc.a(strcpy.o)
                0x00006260                strcpy
 .text.avr-libc
                0x0000626e       0x44 c:/program files (x86)/atmel/studio/7.0/toolchain/avr8/avr8-gnu-toolchain/bin/../lib/gcc/avr/5.4.0/../../../../avr/lib/avrxmega4\libc.a(ultoa_ncheck.o)
                0x0000626e                __ultoa_ncheck
                0x00006270                __ultoa_common
 .text.avr-libc
                0x000062b2       0x34 c:/program files (x86)/atmel/studio/7.0/toolchain/avr8/avr8-gnu-toolchain/bin/../lib/gcc/avr/5.4.0/../../../../avr/lib/avrxmega4\libc.a(utoa_ncheck.o)
                0x000062b2                __utoa_ncheck
                0x000062b4                __utoa_common
 .text.avr-libc
                0x000062e6       0x20 c:/program files (x86)/atmel/studio/7.0/toolchain/avr8/avr8-gnu-toolchain/bin/../lib/gcc/avr/5.4.0/../../../../avr/lib/avrxmega4\libc.a(strrev.o)
                0x000062e6                strrev
                0x00006306                . = ALIGN (0x2)
 *(.fini9)
 .fini9         0x00006306        0x0 c:/program files (x86)/atmel/studio/7.0/toolchain/avr8/avr8-gnu-toolchain/bin/../lib/gcc/avr/5.4.0/avrxmega4\libgcc.a(_exit.o)
                0x00006306                _exit
                0x00006306                exit
 *(.fini9)
 *(.fini8)
 *(.fini8)
 *(.fini7)
 *(.fini7)
 *(.fini6)
 *(.fini6)
 *(.fini5)
 *(.fini5)
 *(.fini4)
 *(.fini4)
 *(.fini3)
 *(.fini3)
 *(.fini2)
 *(.fini2)
 *(.fini1)
 *(.fini1)
 *(.fini0)
 .fini0         0x00006306        0x4 c:/program files (x86)/atmel/studio/7.0/toolchain/avr8/avr8-gnu-toolchain/bin/../lib/gcc/avr/5.4.0/avrxmega4\libgcc.a(_exit.o)
 *(.fini0)
                0x0000630a                _etext = .

.data           0x00802000      0x288 load address 0x0000630a
                0x00802000                PROVIDE (__data_start, .)
 *(.data)
 .data          0x00802000      0x100 usb_ep.o
                0x00802000                endpoints
 *(.data*)
 .data._ZZ4mainE12old_position
                0x00802100        0x1 main.o
 .data._ZZ12display_menuPhPcP13Speed_profileS_bPbE6reload
                0x00802101        0x1 main.o
 .data._ZZ19change_profile_menuPhP13Speed_profilePcS_S_PbE6reload
                0x00802102        0x1 main.o
 .data._ZZ11__vector_47E3ct1
                0x00802103        0x1 main.o
 .data._ZZ11__vector_47E3ct0
                0x00802104        0x1 main.o
 .data.p_profile_mod
                0x00802105        0x2 main.o
                0x00802105                p_profile_mod
 .data.p_Profile_b
                0x00802107        0x2 main.o
                0x00802107                p_Profile_b
 .data.p_Profile_a
                0x00802109        0x2 main.o
                0x00802109                p_Profile_a
 .data.I_Anteil_speed
                0x0080210b        0x4 main.o
                0x0080210b                I_Anteil_speed
 .data.I_Anteil
                0x0080210f        0x4 main.o
                0x0080210f                I_Anteil
 .data.Sollwert_RPM_b
                0x00802113        0x2 main.o
                0x00802113                Sollwert_RPM_b
 .data.Sollwert_RPM_a
                0x00802115        0x2 main.o
                0x00802115                Sollwert_RPM_a
 .data.Sollwert_b
                0x00802117        0x2 main.o
                0x00802117                Sollwert_b
 .data.Sollwert_a
                0x00802119        0x2 main.o
                0x00802119                Sollwert_a
 .data.ADC_Value_b
                0x0080211b        0x2 main.o
                0x0080211b                ADC_Value_b
 .data.ADC_Value_a
                0x0080211d        0x2 main.o
                0x0080211d                ADC_Value_a
 .data.ep_note_data
                0x0080211f        0x9 usb_cdc.o
                0x0080211f                ep_note_data
 .data.ep_out_data
                0x00802128        0x9 usb_cdc.o
                0x00802128                ep_out_data
 .data.ep_in_data
                0x00802131        0x9 usb_cdc.o
                0x00802131                ep_in_data
 .data.LineEncoding
                0x0080213a        0x7 usb_cdc.o
                0x0080213a                LineEncoding
 *(.gnu.linkonce.d*)
 *(.rodata)
 .rodata        0x00802141        0x6 lcd.o
 *(.rodata*)
 .rodata.str1.1
                0x00802147      0x141 main.o
                                0x143 (size before relaxing)
 *(.gnu.linkonce.r*)
                0x00802288                . = ALIGN (0x2)
                0x00802288                _edata = .
                0x00802288                PROVIDE (__data_end, .)

.bss            0x00802288      0x36d
                0x00802288                PROVIDE (__bss_start, .)
 *(.bss)
 *(.bss*)
 .bss._ZZ15lcd_putc_invertcE4data
                0x00802288        0x6 lcd.o
 .bss._ZZ8lcd_putccE4data
                0x0080228e        0x6 lcd.o
 .bss._ZZ12display_menuPhPcP13Speed_profileS_bPbE3ID_
                0x00802294        0x1 main.o
 .bss._ZZ11__vector_47E3rpt
                0x00802295        0x1 main.o
 .bss._ZZ11__vector_47E7counter
                0x00802296        0x1 main.o
 .bss.ID_mod    0x00802297        0x1 main.o
                0x00802297                ID_mod
 .bss.profile_mod
                0x00802298       0x1f main.o
                0x00802298                profile_mod
 .bss.Dauerantwort
                0x008022b7        0x1 main.o
                0x008022b7                Dauerantwort
 .bss.Echo      0x008022b8        0x1 main.o
                0x008022b8                Echo
 .bss.empfangene_Bytes
                0x008022b9        0xc main.o
                0x008022b9                empfangene_Bytes
 .bss.IndexNextValue_a
                0x008022c5        0x1 main.o
                0x008022c5                IndexNextValue_a
 .bss.RPM_a_raw
                0x008022c6       0x20 main.o
                0x008022c6                RPM_a_raw
 .bss.IndexNextValue_b
                0x008022e6        0x1 main.o
                0x008022e6                IndexNextValue_b
 .bss.RPM_b_raw
                0x008022e7       0x20 main.o
                0x008022e7                RPM_b_raw
 .bss.end_b     0x00802307        0x1 main.o
                0x00802307                end_b
 .bss.end_a     0x00802308        0x1 main.o
                0x00802308                end_a
 .bss.runtime_b
                0x00802309        0x4 main.o
                0x00802309                runtime_b
 .bss.runtime_a
                0x0080230d        0x4 main.o
                0x0080230d                runtime_a
 .bss.menu      0x00802311        0x2 main.o
                0x00802311                menu
 .bss.screen_clear
                0x00802313        0x1 main.o
                0x00802313                screen_clear
 .bss.show_menu
                0x00802314        0x1 main.o
                0x00802314                show_menu
 .bss.Profile_b
                0x00802315       0x1f main.o
                0x00802315                Profile_b
 .bss.Profile_a
                0x00802334       0x1f main.o
                0x00802334                Profile_a
 .bss.key_rpt   0x00802353        0x1 main.o
                0x00802353                key_rpt
 .bss.key_press
                0x00802354        0x1 main.o
                0x00802354                key_press
 .bss.key_state
                0x00802355        0x1 main.o
                0x00802355                key_state
 .bss.hand_b    0x00802356        0x1 main.o
                0x00802356                hand_b
 .bss.hand_a    0x00802357        0x1 main.o
                0x00802357                hand_a
 .bss.running_b
                0x00802358        0x1 main.o
                0x00802358                running_b
 .bss.running_a
                0x00802359        0x1 main.o
                0x00802359                running_a
 .bss.recalc_time
                0x0080235a        0x1 main.o
                0x0080235a                recalc_time
 .bss._ZL4last  0x0080235b        0x1 main.o
 .bss.enc_delta
                0x0080235c        0x1 main.o
                0x0080235c                enc_delta
 .bss.calc_regulator
                0x0080235d        0x1 main.o
                0x0080235d                calc_regulator
 .bss.RPM_b     0x0080235e        0x4 main.o
                0x0080235e                RPM_b
 .bss.RPM_a     0x00802362        0x4 main.o
                0x00802362                RPM_a
 .bss.Blink     0x00802366        0x1 main.o
                0x00802366                Blink
 .bss.Unixtimestamp
                0x00802367        0x4 main.o
                0x00802367                Unixtimestamp
 .bss.usb_notify_state
                0x0080236b        0x1 usb_cdc.o
                0x0080236b                usb_notify_state
 .bss.usb_stored_control
                0x0080236c        0x1 usb_cdc.o
                0x0080236c                usb_stored_control
 *(COMMON)
 COMMON         0x0080236d      0x206 usb_cdc.o
                0x0080236d                ep_in_buf
                0x008023ed                ep_out_buf
                0x0080246d                cdc_rxb
                0x008024b0                ep_note_buf
                0x00802530                cdc_txb
 COMMON         0x00802573       0x80 usb_ep.o
                0x00802573                ep0_buf_in
                0x008025b3                ep0_buf_out
 COMMON         0x008025f3        0x2 usb_xm.o
                0x008025f3                USB_DeviceState
                0x008025f4                USB_Device_ConfigurationNumber
                0x008025f5                PROVIDE (__bss_end, .)
                0x0000630a                __data_load_start = LOADADDR (.data)
                0x00006592                __data_load_end = (__data_load_start + SIZEOF (.data))

.noinit         0x008025f5        0x0
                [!provide]                PROVIDE (__noinit_start, .)
 *(.noinit*)
                [!provide]                PROVIDE (__noinit_end, .)
                0x008025f5                _end = .
                [!provide]                PROVIDE (__heap_start, .)

.eeprom         0x00810000      0x176
 *(.eeprom*)
 .eeprom        0x00810000      0x176 main.o
                0x00810000                profile_ID_b
                0x00810001                profile_ID_a
                0x00810002                EEPROM_profile
                0x00810176                __eeprom_end = .

.fuse
 *(.fuse)
 *(.lfuse)
 *(.hfuse)
 *(.efuse)

.lock
 *(.lock*)

.signature
 *(.signature*)

.user_signatures
 *(.user_signatures*)

.stab
 *(.stab)

.stabstr
 *(.stabstr)

.stab.excl
 *(.stab.excl)

.stab.exclstr
 *(.stab.exclstr)

.stab.index
 *(.stab.index)

.stab.indexstr
 *(.stab.indexstr)

.comment        0x00000000       0x30
 *(.comment)
 .comment       0x00000000       0x30 CRC.o
                                 0x31 (size before relaxing)
 .comment       0x00000030       0x31 Descriptors.o
 .comment       0x00000030       0x31 FRAM.o
 .comment       0x00000030       0x31 lcd.o
 .comment       0x00000030       0x31 main.o
 .comment       0x00000030       0x31 twi.o
 .comment       0x00000030       0x31 usb_cdc.o
 .comment       0x00000030       0x31 usb_ep.o
 .comment       0x00000030       0x31 usb_xm.o

.note.gnu.avr.deviceinfo
                0x00000000       0x40
 .note.gnu.avr.deviceinfo
                0x00000000       0x40 C:/Program Files (x86)/Atmel/Studio/7.0/Packs/atmel/XMEGAA_DFP/1.1.68/gcc/dev/atxmega64a4u/avrxmega4/crtatxmega64a4u.o

.note.gnu.build-id
 *(.note.gnu.build-id)

.debug
 *(.debug)

.line
 *(.line)

.debug_srcinfo
 *(.debug_srcinfo)

.debug_sfnames
 *(.debug_sfnames)

.debug_aranges  0x00000000      0x368
 *(.debug_aranges)
 .debug_aranges
                0x00000000       0x20 CRC.o
 .debug_aranges
                0x00000020       0x20 Descriptors.o
 .debug_aranges
                0x00000040       0x28 FRAM.o
 .debug_aranges
                0x00000068       0x70 lcd.o
 .debug_aranges
                0x000000d8      0x140 main.o
 .debug_aranges
                0x00000218       0x28 twi.o
 .debug_aranges
                0x00000240       0x70 usb_cdc.o
 .debug_aranges
                0x000002b0       0x38 usb_ep.o
 .debug_aranges
                0x000002e8       0x80 usb_xm.o

.debug_pubnames
 *(.debug_pubnames)

.debug_info     0x00000000     0xfc1c
 *(.debug_info .gnu.linkonce.wi.*)
 .debug_info    0x00000000     0x284f C:/Program Files (x86)/Atmel/Studio/7.0/Packs/atmel/XMEGAA_DFP/1.1.68/gcc/dev/atxmega64a4u/avrxmega4/crtatxmega64a4u.o
 .debug_info    0x0000284f      0x1e3 CRC.o
 .debug_info    0x00002a32      0x749 Descriptors.o
 .debug_info    0x0000317b      0x3fd FRAM.o
 .debug_info    0x00003578     0x16f0 lcd.o
 .debug_info    0x00004c68     0x7f78 main.o
 .debug_info    0x0000cbe0      0x656 twi.o
 .debug_info    0x0000d236      0xe1d usb_cdc.o
 .debug_info    0x0000e053      0x6ac usb_ep.o
 .debug_info    0x0000e6ff     0x151d usb_xm.o

.debug_abbrev   0x00000000     0x3a09
 *(.debug_abbrev)
 .debug_abbrev  0x00000000     0x262c C:/Program Files (x86)/Atmel/Studio/7.0/Packs/atmel/XMEGAA_DFP/1.1.68/gcc/dev/atxmega64a4u/avrxmega4/crtatxmega64a4u.o
 .debug_abbrev  0x0000262c       0xd8 CRC.o
 .debug_abbrev  0x00002704      0x138 Descriptors.o
 .debug_abbrev  0x0000283c      0x106 FRAM.o
 .debug_abbrev  0x00002942      0x224 lcd.o
 .debug_abbrev  0x00002b66      0x444 main.o
 .debug_abbrev  0x00002faa      0x19d twi.o
 .debug_abbrev  0x00003147      0x2a4 usb_cdc.o
 .debug_abbrev  0x000033eb      0x274 usb_ep.o
 .debug_abbrev  0x0000365f      0x3aa usb_xm.o

.debug_line     0x00000000     0x4b08
 *(.debug_line .debug_line.* .debug_line_end)
 .debug_line    0x00000000      0x391 C:/Program Files (x86)/Atmel/Studio/7.0/Packs/atmel/XMEGAA_DFP/1.1.68/gcc/dev/atxmega64a4u/avrxmega4/crtatxmega64a4u.o
 .debug_line    0x00000391      0x172 CRC.o
 .debug_line    0x00000503      0x1ba Descriptors.o
 .debug_line    0x000006bd      0x138 FRAM.o
 .debug_line    0x000007f5      0x6b8 lcd.o
 .debug_line    0x00000ead     0x2817 main.o
 .debug_line    0x000036c4      0x35e twi.o
 .debug_line    0x00003a22      0x3be usb_cdc.o
 .debug_line    0x00003de0      0x599 usb_ep.o
 .debug_line    0x00004379      0x78f usb_xm.o

.debug_frame    0x00000000      0xbe8
 *(.debug_frame)
 .debug_frame   0x00000000       0x24 CRC.o
 .debug_frame   0x00000024       0x24 Descriptors.o
 .debug_frame   0x00000048       0x54 FRAM.o
 .debug_frame   0x0000009c      0x1f4 lcd.o
 .debug_frame   0x00000290      0x560 main.o
 .debug_frame   0x000007f0       0x70 twi.o
 .debug_frame   0x00000860       0xe0 usb_cdc.o
 .debug_frame   0x00000940       0xa0 usb_ep.o
 .debug_frame   0x000009e0      0x208 usb_xm.o

.debug_str      0x00000000     0x6380
 *(.debug_str)
 .debug_str     0x00000000     0x1aa8 C:/Program Files (x86)/Atmel/Studio/7.0/Packs/atmel/XMEGAA_DFP/1.1.68/gcc/dev/atxmega64a4u/avrxmega4/crtatxmega64a4u.o
 .debug_str     0x00001aa8      0x322 CRC.o
                                0x36f (size before relaxing)
 .debug_str     0x00001dca      0x98c Descriptors.o
                                0xac1 (size before relaxing)
 .debug_str     0x00002756      0x1d7 FRAM.o
                                0x3e5 (size before relaxing)
 .debug_str     0x0000292d      0x1fa lcd.o
                                0x4b7 (size before relaxing)
 .debug_str     0x00002b27     0x2d4f main.o
                               0x3314 (size before relaxing)
 .debug_str     0x00005876       0xe1 twi.o
                                0x53e (size before relaxing)
 .debug_str     0x00005957      0x5c1 usb_cdc.o
                                0xb61 (size before relaxing)
 .debug_str     0x00005f18      0x103 usb_ep.o
                                0x3a8 (size before relaxing)
 .debug_str     0x0000601b      0x365 usb_xm.o
                               0x115e (size before relaxing)

.debug_loc      0x00000000     0x5425
 *(.debug_loc)
 .debug_loc     0x00000000      0x12f CRC.o
 .debug_loc     0x0000012f      0x226 Descriptors.o
 .debug_loc     0x00000355      0x126 FRAM.o
 .debug_loc     0x0000047b     0x12a2 lcd.o
 .debug_loc     0x0000171d     0x225d main.o
 .debug_loc     0x0000397a      0x45f twi.o
 .debug_loc     0x00003dd9      0x38b usb_cdc.o
 .debug_loc     0x00004164      0x72f usb_ep.o
 .debug_loc     0x00004893      0xb92 usb_xm.o

.debug_macinfo
 *(.debug_macinfo)

.debug_weaknames
 *(.debug_weaknames)

.debug_funcnames
 *(.debug_funcnames)

.debug_typenames
 *(.debug_typenames)

.debug_varnames
 *(.debug_varnames)

.debug_pubtypes
 *(.debug_pubtypes)

.debug_ranges   0x00000000      0x380
 *(.debug_ranges)
 .debug_ranges  0x00000000       0x10 CRC.o
 .debug_ranges  0x00000010       0x10 Descriptors.o
 .debug_ranges  0x00000020       0x18 FRAM.o
 .debug_ranges  0x00000038       0x60 lcd.o
 .debug_ranges  0x00000098      0x178 main.o
 .debug_ranges  0x00000210       0x18 twi.o
 .debug_ranges  0x00000228       0x60 usb_cdc.o
 .debug_ranges  0x00000288       0x28 usb_ep.o
 .debug_ranges  0x000002b0       0xd0 usb_xm.o

.debug_macro
 *(.debug_macro)
OUTPUT(DoppelMagnetruehrer.elf elf32-avr)
LOAD linker stubs
